\BOOKMARK [0][-]{chapter.1}{\376\377\000I\000n\000t\000r\000o\000d\000u\000c\000t\000i\000o\000n\000\040\000t\000o\000\040\000T\000i\000m\000e\000\040\000S\000e\000r\000i\000e\000s}{}% 1
\BOOKMARK [1][-]{section.1.1}{\376\377\000W\000h\000a\000t\000\040\000i\000s\000\040\000T\000i\000m\000e\000\040\000S\000e\000r\000i\000e\000s\000\040\000D\000a\000t\000a\000?}{chapter.1}% 2
\BOOKMARK [2][-]{subsection.1.1.1}{\376\377\000D\000e\000f\000i\000n\000i\000t\000i\000o\000n\000\040\000a\000n\000d\000\040\000C\000h\000a\000r\000a\000c\000t\000e\000r\000i\000s\000t\000i\000c\000s}{section.1.1}% 3
\BOOKMARK [2][-]{subsection.1.1.2}{\376\377\000T\000i\000m\000e\000\040\000S\000e\000r\000i\000e\000s\000\040\000v\000s\000.\000\040\000C\000r\000o\000s\000s\000-\000S\000e\000c\000t\000i\000o\000n\000a\000l\000\040\000D\000a\000t\000a}{section.1.1}% 4
\BOOKMARK [2][-]{subsection.1.1.3}{\376\377\000R\000e\000g\000u\000l\000a\000r\000\040\000v\000s\000.\000\040\000I\000r\000r\000e\000g\000u\000l\000a\000r\000\040\000T\000i\000m\000e\000\040\000S\000e\000r\000i\000e\000s}{section.1.1}% 5
\BOOKMARK [1][-]{section.1.2}{\376\377\000F\000u\000n\000d\000a\000m\000e\000n\000t\000a\000l\000\040\000C\000o\000m\000p\000o\000n\000e\000n\000t\000s\000\040\000o\000f\000\040\000T\000i\000m\000e\000\040\000S\000e\000r\000i\000e\000s}{chapter.1}% 6
\BOOKMARK [2][-]{subsection.1.2.1}{\376\377\000T\000r\000e\000n\000d}{section.1.2}% 7
\BOOKMARK [2][-]{subsection.1.2.2}{\376\377\000S\000e\000a\000s\000o\000n\000a\000l\000i\000t\000y}{section.1.2}% 8
\BOOKMARK [2][-]{subsection.1.2.3}{\376\377\000C\000y\000c\000l\000i\000c\000a\000l\000i\000t\000y}{section.1.2}% 9
\BOOKMARK [2][-]{subsection.1.2.4}{\376\377\000N\000o\000i\000s\000e}{section.1.2}% 10
\BOOKMARK [1][-]{section.1.3}{\376\377\000T\000y\000p\000e\000s\000\040\000o\000f\000\040\000T\000i\000m\000e\000\040\000S\000e\000r\000i\000e\000s}{chapter.1}% 11
\BOOKMARK [2][-]{subsection.1.3.1}{\376\377\000U\000n\000i\000v\000a\000r\000i\000a\000t\000e\000\040\000T\000i\000m\000e\000\040\000S\000e\000r\000i\000e\000s}{section.1.3}% 12
\BOOKMARK [2][-]{subsection.1.3.2}{\376\377\000M\000u\000l\000t\000i\000v\000a\000r\000i\000a\000t\000e\000\040\000T\000i\000m\000e\000\040\000S\000e\000r\000i\000e\000s}{section.1.3}% 13
\BOOKMARK [2][-]{subsection.1.3.3}{\376\377\000P\000a\000n\000e\000l\000\040\000D\000a\000t\000a\000\040\000a\000n\000d\000\040\000H\000i\000e\000r\000a\000r\000c\000h\000i\000c\000a\000l\000\040\000T\000i\000m\000e\000\040\000S\000e\000r\000i\000e\000s}{section.1.3}% 14
\BOOKMARK [1][-]{section.1.4}{\376\377\000C\000h\000a\000l\000l\000e\000n\000g\000e\000s\000\040\000i\000n\000\040\000T\000i\000m\000e\000\040\000S\000e\000r\000i\000e\000s\000\040\000A\000n\000a\000l\000y\000s\000i\000s}{chapter.1}% 15
\BOOKMARK [2][-]{subsection.1.4.1}{\376\377\000N\000o\000n\000-\000S\000t\000a\000t\000i\000o\000n\000a\000r\000i\000t\000y}{section.1.4}% 16
\BOOKMARK [2][-]{subsection.1.4.2}{\376\377\000M\000i\000s\000s\000i\000n\000g\000\040\000V\000a\000l\000u\000e\000s}{section.1.4}% 17
\BOOKMARK [2][-]{subsection.1.4.3}{\376\377\000O\000u\000t\000l\000i\000e\000r\000s}{section.1.4}% 18
\BOOKMARK [2][-]{subsection.1.4.4}{\376\377\000T\000e\000m\000p\000o\000r\000a\000l\000\040\000D\000e\000p\000e\000n\000d\000e\000n\000c\000i\000e\000s}{section.1.4}% 19
\BOOKMARK [2][-]{subsection.1.4.5}{\376\377\000S\000t\000r\000u\000c\000t\000u\000r\000a\000l\000\040\000B\000r\000e\000a\000k\000s}{section.1.4}% 20
\BOOKMARK [1][-]{section.1.5}{\376\377\000A\000p\000p\000l\000i\000c\000a\000t\000i\000o\000n\000s\000\040\000o\000f\000\040\000T\000i\000m\000e\000\040\000S\000e\000r\000i\000e\000s\000\040\000A\000n\000a\000l\000y\000s\000i\000s}{chapter.1}% 21
\BOOKMARK [2][-]{subsection.1.5.1}{\376\377\000F\000i\000n\000a\000n\000c\000e}{section.1.5}% 22
\BOOKMARK [2][-]{subsection.1.5.2}{\376\377\000E\000c\000o\000n\000o\000m\000i\000c\000s}{section.1.5}% 23
\BOOKMARK [2][-]{subsection.1.5.3}{\376\377\000H\000e\000a\000l\000t\000h\000c\000a\000r\000e}{section.1.5}% 24
\BOOKMARK [2][-]{subsection.1.5.4}{\376\377\000E\000n\000g\000i\000n\000e\000e\000r\000i\000n\000g}{section.1.5}% 25
\BOOKMARK [2][-]{subsection.1.5.5}{\376\377\000M\000a\000r\000k\000e\000t\000i\000n\000g}{section.1.5}% 26
\BOOKMARK [1][-]{section.1.6}{\376\377\000C\000o\000n\000c\000l\000u\000s\000i\000o\000n}{chapter.1}% 27
\BOOKMARK [0][-]{chapter.2}{\376\377\000D\000a\000t\000a\000\040\000P\000r\000o\000c\000e\000s\000s\000i\000n\000g\000\040\000a\000n\000d\000\040\000E\000x\000p\000l\000o\000r\000a\000t\000o\000r\000y\000\040\000D\000a\000t\000a\000\040\000A\000n\000a\000l\000y\000s\000i\000s\000\040\000\050\000E\000D\000A\000\051}{}% 28
\BOOKMARK [1][-]{section.2.1}{\376\377\000D\000a\000t\000a\000\040\000C\000l\000e\000a\000n\000i\000n\000g\000\040\000a\000n\000d\000\040\000P\000r\000e\000p\000r\000o\000c\000e\000s\000s\000i\000n\000g}{chapter.2}% 29
\BOOKMARK [2][-]{subsection.2.1.1}{\376\377\000H\000a\000n\000d\000l\000i\000n\000g\000\040\000M\000i\000s\000s\000i\000n\000g\000\040\000V\000a\000l\000u\000e\000s}{section.2.1}% 30
\BOOKMARK [2][-]{subsection.2.1.2}{\376\377\000O\000u\000t\000l\000i\000e\000r\000\040\000D\000e\000t\000e\000c\000t\000i\000o\000n\000\040\000a\000n\000d\000\040\000T\000r\000e\000a\000t\000m\000e\000n\000t}{section.2.1}% 31
\BOOKMARK [2][-]{subsection.2.1.3}{\376\377\000R\000e\000s\000a\000m\000p\000l\000i\000n\000g\000\040\000a\000n\000d\000\040\000R\000e\000g\000u\000l\000a\000r\000i\000z\000a\000t\000i\000o\000n}{section.2.1}% 32
\BOOKMARK [2][-]{subsection.2.1.4}{\376\377\000T\000i\000m\000e\000\040\000Z\000o\000n\000e\000\040\000a\000n\000d\000\040\000T\000e\000m\000p\000o\000r\000a\000l\000\040\000A\000l\000i\000g\000n\000m\000e\000n\000t}{section.2.1}% 33
\BOOKMARK [2][-]{subsection.2.1.5}{\376\377\000D\000a\000t\000a\000\040\000T\000r\000a\000n\000s\000f\000o\000r\000m\000a\000t\000i\000o\000n\000s}{section.2.1}% 34
\BOOKMARK [1][-]{section.2.2}{\376\377\000F\000e\000a\000t\000u\000r\000e\000\040\000E\000n\000g\000i\000n\000e\000e\000r\000i\000n\000g\000\040\000f\000o\000r\000\040\000T\000i\000m\000e\000\040\000S\000e\000r\000i\000e\000s}{chapter.2}% 35
\BOOKMARK [2][-]{subsection.2.2.1}{\376\377\000L\000a\000g\000\040\000F\000e\000a\000t\000u\000r\000e\000s}{section.2.2}% 36
\BOOKMARK [2][-]{subsection.2.2.2}{\376\377\000R\000o\000l\000l\000i\000n\000g\000\040\000S\000t\000a\000t\000i\000s\000t\000i\000c\000s}{section.2.2}% 37
\BOOKMARK [2][-]{subsection.2.2.3}{\376\377\000D\000a\000t\000e\000\040\000a\000n\000d\000\040\000T\000i\000m\000e\000\040\000F\000e\000a\000t\000u\000r\000e\000s}{section.2.2}% 38
\BOOKMARK [2][-]{subsection.2.2.4}{\376\377\000S\000e\000a\000s\000o\000n\000a\000l\000\040\000I\000n\000d\000i\000c\000a\000t\000o\000r\000s}{section.2.2}% 39
\BOOKMARK [2][-]{subsection.2.2.5}{\376\377\000I\000n\000t\000e\000r\000a\000c\000t\000i\000o\000n\000\040\000F\000e\000a\000t\000u\000r\000e\000s}{section.2.2}% 40
\BOOKMARK [2][-]{subsection.2.2.6}{\376\377\000T\000a\000r\000g\000e\000t\000\040\000E\000n\000c\000o\000d\000i\000n\000g}{section.2.2}% 41
\BOOKMARK [1][-]{section.2.3}{\376\377\000E\000x\000p\000l\000o\000r\000a\000t\000o\000r\000y\000\040\000D\000a\000t\000a\000\040\000A\000n\000a\000l\000y\000s\000i\000s}{chapter.2}% 42
\BOOKMARK [2][-]{subsection.2.3.1}{\376\377\000T\000i\000m\000e\000\040\000S\000e\000r\000i\000e\000s\000\040\000P\000l\000o\000t\000t\000i\000n\000g}{section.2.3}% 43
\BOOKMARK [2][-]{subsection.2.3.2}{\376\377\000D\000e\000c\000o\000m\000p\000o\000s\000i\000t\000i\000o\000n\000\040\000A\000n\000a\000l\000y\000s\000i\000s}{section.2.3}% 44
\BOOKMARK [2][-]{subsection.2.3.3}{\376\377\000A\000u\000t\000o\000c\000o\000r\000r\000e\000l\000a\000t\000i\000o\000n\000\040\000A\000n\000a\000l\000y\000s\000i\000s}{section.2.3}% 45
\BOOKMARK [2][-]{subsection.2.3.4}{\376\377\000D\000i\000s\000t\000r\000i\000b\000u\000t\000i\000o\000n\000\040\000A\000n\000a\000l\000y\000s\000i\000s}{section.2.3}% 46
\BOOKMARK [2][-]{subsection.2.3.5}{\376\377\000S\000e\000a\000s\000o\000n\000a\000l\000\040\000A\000n\000a\000l\000y\000s\000i\000s}{section.2.3}% 47
\BOOKMARK [2][-]{subsection.2.3.6}{\376\377\000A\000n\000o\000m\000a\000l\000y\000\040\000D\000e\000t\000e\000c\000t\000i\000o\000n\000\040\000V\000i\000s\000u\000a\000l\000i\000z\000a\000t\000i\000o\000n}{section.2.3}% 48
\BOOKMARK [2][-]{subsection.2.3.7}{\376\377\000C\000o\000r\000r\000e\000l\000a\000t\000i\000o\000n\000\040\000A\000n\000a\000l\000y\000s\000i\000s}{section.2.3}% 49
\BOOKMARK [1][-]{section.2.4}{\376\377\000C\000o\000n\000c\000l\000u\000s\000i\000o\000n}{chapter.2}% 50
\BOOKMARK [0][-]{chapter.3}{\376\377\000T\000i\000m\000e\000\040\000S\000e\000r\000i\000e\000s\000\040\000F\000o\000r\000e\000c\000a\000s\000t\000i\000n\000g}{}% 51
\BOOKMARK [1][-]{section.3.1}{\376\377\000I\000n\000t\000r\000o\000d\000u\000c\000t\000i\000o\000n}{chapter.3}% 52
\BOOKMARK [1][-]{section.3.2}{\376\377\000F\000o\000r\000e\000c\000a\000s\000t\000i\000n\000g\000\040\000F\000u\000n\000d\000a\000m\000e\000n\000t\000a\000l\000s}{chapter.3}% 53
\BOOKMARK [2][-]{subsection.3.2.1}{\376\377\000S\000h\000o\000r\000t\000-\000t\000e\000r\000m\000\040\000v\000s\000.\000\040\000L\000o\000n\000g\000-\000t\000e\000r\000m\000\040\000F\000o\000r\000e\000c\000a\000s\000t\000i\000n\000g}{section.3.2}% 54
\BOOKMARK [2][-]{subsection.3.2.2}{\376\377\000P\000o\000i\000n\000t\000\040\000F\000o\000r\000e\000c\000a\000s\000t\000s\000\040\000v\000s\000.\000\040\000I\000n\000t\000e\000r\000v\000a\000l\000\040\000F\000o\000r\000e\000c\000a\000s\000t\000s}{section.3.2}% 55
\BOOKMARK [2][-]{subsection.3.2.3}{\376\377\000F\000o\000r\000e\000c\000a\000s\000t\000\040\000H\000o\000r\000i\000z\000o\000n\000\040\000a\000n\000d\000\040\000G\000r\000a\000n\000u\000l\000a\000r\000i\000t\000y}{section.3.2}% 56
\BOOKMARK [1][-]{section.3.3}{\376\377\000N\000a\000i\000v\000e\000\040\000a\000n\000d\000\040\000B\000e\000n\000c\000h\000m\000a\000r\000k\000\040\000M\000o\000d\000e\000l\000s}{chapter.3}% 57
\BOOKMARK [2][-]{subsection.3.3.1}{\376\377\000N\000a\000i\000v\000e\000\040\000M\000e\000t\000h\000o\000d}{section.3.3}% 58
\BOOKMARK [2][-]{subsection.3.3.2}{\376\377\000S\000e\000a\000s\000o\000n\000a\000l\000\040\000N\000a\000i\000v\000e\000\040\000M\000e\000t\000h\000o\000d}{section.3.3}% 59
\BOOKMARK [2][-]{subsection.3.3.3}{\376\377\000D\000r\000i\000f\000t\000\040\000M\000e\000t\000h\000o\000d}{section.3.3}% 60
\BOOKMARK [2][-]{subsection.3.3.4}{\376\377\000M\000e\000a\000n\000\040\000a\000n\000d\000\040\000M\000e\000d\000i\000a\000n\000\040\000F\000o\000r\000e\000c\000a\000s\000t\000s}{section.3.3}% 61
\BOOKMARK [1][-]{section.3.4}{\376\377\000E\000v\000a\000l\000u\000a\000t\000i\000o\000n\000\040\000M\000e\000t\000r\000i\000c\000s}{chapter.3}% 62
\BOOKMARK [2][-]{subsection.3.4.1}{\376\377\000M\000e\000a\000n\000\040\000A\000b\000s\000o\000l\000u\000t\000e\000\040\000E\000r\000r\000o\000r\000\040\000\050\000M\000A\000E\000\051}{section.3.4}% 63
\BOOKMARK [2][-]{subsection.3.4.2}{\376\377\000M\000e\000a\000n\000\040\000S\000q\000u\000a\000r\000e\000d\000\040\000E\000r\000r\000o\000r\000\040\000\050\000M\000S\000E\000\051}{section.3.4}% 64
\BOOKMARK [2][-]{subsection.3.4.3}{\376\377\000M\000e\000a\000n\000\040\000A\000b\000s\000o\000l\000u\000t\000e\000\040\000P\000e\000r\000c\000e\000n\000t\000a\000g\000e\000\040\000E\000r\000r\000o\000r\000\040\000\050\000M\000A\000P\000E\000\051}{section.3.4}% 65
\BOOKMARK [2][-]{subsection.3.4.4}{\376\377\000O\000t\000h\000e\000r\000\040\000E\000v\000a\000l\000u\000a\000t\000i\000o\000n\000\040\000M\000e\000t\000r\000i\000c\000s}{section.3.4}% 66
\BOOKMARK [2][-]{subsection.3.4.5}{\376\377\000C\000r\000o\000s\000s\000-\000V\000a\000l\000i\000d\000a\000t\000i\000o\000n\000\040\000T\000e\000c\000h\000n\000i\000q\000u\000e\000s\000\040\000f\000o\000r\000\040\000T\000i\000m\000e\000\040\000S\000e\000r\000i\000e\000s}{section.3.4}% 67
\BOOKMARK [1][-]{section.3.5}{\376\377\000G\000e\000t\000t\000i\000n\000g\000\040\000U\000n\000s\000t\000u\000c\000k}{chapter.3}% 68
\BOOKMARK [2][-]{subsection.3.5.1}{\376\377\000C\000h\000o\000o\000s\000i\000n\000g\000\040\000t\000h\000e\000\040\000R\000i\000g\000h\000t\000\040\000F\000o\000r\000e\000c\000a\000s\000t\000i\000n\000g\000\040\000H\000o\000r\000i\000z\000o\000n}{section.3.5}% 69
\BOOKMARK [2][-]{subsection.3.5.2}{\376\377\000T\000r\000o\000u\000b\000l\000e\000s\000h\000o\000o\000t\000i\000n\000g\000\040\000H\000i\000g\000h\000\040\000E\000r\000r\000o\000r\000\040\000M\000e\000t\000r\000i\000c\000s}{section.3.5}% 70
\BOOKMARK [2][-]{subsection.3.5.3}{\376\377\000A\000v\000o\000i\000d\000i\000n\000g\000\040\000O\000v\000e\000r\000f\000i\000t\000t\000i\000n\000g\000\040\000i\000n\000\040\000F\000o\000r\000e\000c\000a\000s\000t\000i\000n\000g\000\040\000M\000o\000d\000e\000l\000s}{section.3.5}% 71
\BOOKMARK [1][-]{section.3.6}{\376\377\000C\000o\000n\000c\000l\000u\000s\000i\000o\000n}{chapter.3}% 72
\BOOKMARK [0][-]{chapter.4}{\376\377\000A\000R\000I\000M\000A\000\040\000a\000n\000d\000\040\000S\000t\000a\000t\000i\000s\000t\000i\000c\000a\000l\000\040\000M\000o\000d\000e\000l\000s}{}% 73
\BOOKMARK [1][-]{section.4.1}{\376\377\000I\000n\000t\000r\000o\000d\000u\000c\000t\000i\000o\000n}{chapter.4}% 74
\BOOKMARK [1][-]{section.4.2}{\376\377\000U\000n\000d\000e\000r\000s\000t\000a\000n\000d\000i\000n\000g\000\040\000A\000R\000I\000M\000A\000\040\000C\000o\000m\000p\000o\000n\000e\000n\000t\000s}{chapter.4}% 75
\BOOKMARK [2][-]{subsection.4.2.1}{\376\377\000A\000u\000t\000o\000r\000e\000g\000r\000e\000s\000s\000i\000v\000e\000\040\000\050\000A\000R\000\051\000\040\000C\000o\000m\000p\000o\000n\000e\000n\000t}{section.4.2}% 76
\BOOKMARK [2][-]{subsection.4.2.2}{\376\377\000I\000n\000t\000e\000g\000r\000a\000t\000i\000o\000n\000\040\000\050\000I\000\051\000\040\000C\000o\000m\000p\000o\000n\000e\000n\000t}{section.4.2}% 77
\BOOKMARK [2][-]{subsection.4.2.3}{\376\377\000M\000o\000v\000i\000n\000g\000\040\000A\000v\000e\000r\000a\000g\000e\000\040\000\050\000M\000A\000\051\000\040\000C\000o\000m\000p\000o\000n\000e\000n\000t}{section.4.2}% 78
\BOOKMARK [2][-]{subsection.4.2.4}{\376\377\000C\000o\000m\000b\000i\000n\000i\000n\000g\000\040\000C\000o\000m\000p\000o\000n\000e\000n\000t\000s\000:\000\040\000A\000R\000I\000M\000A}{section.4.2}% 79
\BOOKMARK [1][-]{section.4.3}{\376\377\000M\000o\000d\000e\000l\000\040\000I\000d\000e\000n\000t\000i\000f\000i\000c\000a\000t\000i\000o\000n\000\040\000a\000n\000d\000\040\000S\000e\000l\000e\000c\000t\000i\000o\000n}{chapter.4}% 80
\BOOKMARK [2][-]{subsection.4.3.1}{\376\377\000T\000e\000s\000t\000i\000n\000g\000\040\000f\000o\000r\000\040\000S\000t\000a\000t\000i\000o\000n\000a\000r\000i\000t\000y}{section.4.3}% 81
\BOOKMARK [2][-]{subsection.4.3.2}{\376\377\000I\000n\000t\000e\000r\000p\000r\000e\000t\000i\000n\000g\000\040\000A\000C\000F\000\040\000a\000n\000d\000\040\000P\000A\000C\000F\000\040\000P\000l\000o\000t\000s}{section.4.3}% 82
\BOOKMARK [2][-]{subsection.4.3.3}{\376\377\000I\000n\000f\000o\000r\000m\000a\000t\000i\000o\000n\000\040\000C\000r\000i\000t\000e\000r\000i\000a\000\040\000f\000o\000r\000\040\000M\000o\000d\000e\000l\000\040\000S\000e\000l\000e\000c\000t\000i\000o\000n}{section.4.3}% 83
\BOOKMARK [2][-]{subsection.4.3.4}{\376\377\000A\000u\000t\000o\000m\000a\000t\000i\000c\000\040\000M\000o\000d\000e\000l\000\040\000S\000e\000l\000e\000c\000t\000i\000o\000n}{section.4.3}% 84
\BOOKMARK [1][-]{section.4.4}{\376\377\000M\000o\000d\000e\000l\000\040\000E\000s\000t\000i\000m\000a\000t\000i\000o\000n}{chapter.4}% 85
\BOOKMARK [2][-]{subsection.4.4.1}{\376\377\000M\000a\000x\000i\000m\000u\000m\000\040\000L\000i\000k\000e\000l\000i\000h\000o\000o\000d\000\040\000E\000s\000t\000i\000m\000a\000t\000i\000o\000n}{section.4.4}% 86
\BOOKMARK [2][-]{subsection.4.4.2}{\376\377\000P\000a\000r\000a\000m\000e\000t\000e\000r\000\040\000I\000n\000t\000e\000r\000p\000r\000e\000t\000a\000t\000i\000o\000n}{section.4.4}% 87
\BOOKMARK [2][-]{subsection.4.4.3}{\376\377\000C\000o\000n\000f\000i\000d\000e\000n\000c\000e\000\040\000I\000n\000t\000e\000r\000v\000a\000l\000s}{section.4.4}% 88
\BOOKMARK [1][-]{section.4.5}{\376\377\000M\000o\000d\000e\000l\000\040\000D\000i\000a\000g\000n\000o\000s\000t\000i\000c\000s}{chapter.4}% 89
\BOOKMARK [2][-]{subsection.4.5.1}{\376\377\000R\000e\000s\000i\000d\000u\000a\000l\000\040\000A\000n\000a\000l\000y\000s\000i\000s}{section.4.5}% 90
\BOOKMARK [2][-]{subsection.4.5.2}{\376\377\000A\000u\000t\000o\000c\000o\000r\000r\000e\000l\000a\000t\000i\000o\000n\000\040\000i\000n\000\040\000R\000e\000s\000i\000d\000u\000a\000l\000s}{section.4.5}% 91
\BOOKMARK [2][-]{subsection.4.5.3}{\376\377\000M\000o\000d\000e\000l\000\040\000C\000o\000m\000p\000a\000r\000i\000s\000o\000n}{section.4.5}% 92
\BOOKMARK [1][-]{section.4.6}{\376\377\000S\000e\000a\000s\000o\000n\000a\000l\000\040\000A\000R\000I\000M\000A\000\040\000\050\000S\000A\000R\000I\000M\000A\000\051}{chapter.4}% 93
\BOOKMARK [2][-]{subsection.4.6.1}{\376\377\000S\000e\000a\000s\000o\000n\000a\000l\000\040\000C\000o\000m\000p\000o\000n\000e\000n\000t\000s}{section.4.6}% 94
\BOOKMARK [2][-]{subsection.4.6.2}{\376\377\000I\000d\000e\000n\000t\000i\000f\000y\000i\000n\000g\000\040\000S\000e\000a\000s\000o\000n\000a\000l\000\040\000P\000a\000t\000t\000e\000r\000n\000s}{section.4.6}% 95
\BOOKMARK [2][-]{subsection.4.6.3}{\376\377\000E\000s\000t\000i\000m\000a\000t\000i\000n\000g\000\040\000S\000A\000R\000I\000M\000A\000\040\000M\000o\000d\000e\000l\000s}{section.4.6}% 96
\BOOKMARK [1][-]{section.4.7}{\376\377\000A\000R\000I\000M\000A\000X\000\040\000M\000o\000d\000e\000l\000s}{chapter.4}% 97
\BOOKMARK [2][-]{subsection.4.7.1}{\376\377\000E\000x\000o\000g\000e\000n\000o\000u\000s\000\040\000V\000a\000r\000i\000a\000b\000l\000e\000s}{section.4.7}% 98
\BOOKMARK [2][-]{subsection.4.7.2}{\376\377\000M\000o\000d\000e\000l\000\040\000S\000p\000e\000c\000i\000f\000i\000c\000a\000t\000i\000o\000n}{section.4.7}% 99
\BOOKMARK [2][-]{subsection.4.7.3}{\376\377\000F\000o\000r\000e\000c\000a\000s\000t\000i\000n\000g\000\040\000w\000i\000t\000h\000\040\000A\000R\000I\000M\000A\000X}{section.4.7}% 100
\BOOKMARK [1][-]{section.4.8}{\376\377\000C\000o\000n\000c\000l\000u\000s\000i\000o\000n}{chapter.4}% 101
\BOOKMARK [0][-]{chapter.5}{\376\377\000A\000d\000v\000a\000n\000c\000e\000d\000\040\000M\000o\000d\000e\000l\000s\000\040\000-\000\040\000H\000i\000e\000r\000a\000r\000c\000h\000i\000c\000a\000l\000\040\000T\000i\000m\000e\000\040\000S\000e\000r\000i\000e\000s\000\040\000a\000n\000d\000\040\000B\000a\000y\000e\000s\000i\000a\000n\000\040\000M\000o\000d\000e\000l\000s}{}% 102
\BOOKMARK [1][-]{section.5.1}{\376\377\000I\000n\000t\000r\000o\000d\000u\000c\000t\000i\000o\000n}{chapter.5}% 103
\BOOKMARK [1][-]{section.5.2}{\376\377\000H\000i\000e\000r\000a\000r\000c\000h\000i\000c\000a\000l\000\040\000T\000i\000m\000e\000\040\000S\000e\000r\000i\000e\000s\000\040\000M\000o\000d\000e\000l\000s}{chapter.5}% 104
\BOOKMARK [2][-]{subsection.5.2.1}{\376\377\000U\000n\000d\000e\000r\000s\000t\000a\000n\000d\000i\000n\000g\000\040\000H\000i\000e\000r\000a\000r\000c\000h\000i\000c\000a\000l\000\040\000S\000t\000r\000u\000c\000t\000u\000r\000e\000s}{section.5.2}% 105
\BOOKMARK [2][-]{subsection.5.2.2}{\376\377\000T\000h\000e\000\040\000R\000e\000c\000o\000n\000c\000i\000l\000i\000a\000t\000i\000o\000n\000\040\000P\000r\000o\000b\000l\000e\000m}{section.5.2}% 106
\BOOKMARK [2][-]{subsection.5.2.3}{\376\377\000B\000o\000t\000t\000o\000m\000-\000U\000p\000\040\000F\000o\000r\000e\000c\000a\000s\000t\000i\000n\000g}{section.5.2}% 107
\BOOKMARK [2][-]{subsection.5.2.4}{\376\377\000T\000o\000p\000-\000D\000o\000w\000n\000\040\000F\000o\000r\000e\000c\000a\000s\000t\000i\000n\000g}{section.5.2}% 108
\BOOKMARK [2][-]{subsection.5.2.5}{\376\377\000O\000p\000t\000i\000m\000a\000l\000\040\000R\000e\000c\000o\000n\000c\000i\000l\000i\000a\000t\000i\000o\000n\000\040\000M\000e\000t\000h\000o\000d\000s}{section.5.2}% 109
\BOOKMARK [2][-]{subsection.5.2.6}{\376\377\000T\000e\000m\000p\000o\000r\000a\000l\000\040\000H\000i\000e\000r\000a\000r\000c\000h\000i\000e\000s}{section.5.2}% 110
\BOOKMARK [2][-]{subsection.5.2.7}{\376\377\000F\000o\000r\000e\000c\000a\000s\000t\000\040\000C\000o\000m\000b\000i\000n\000a\000t\000i\000o\000n\000\040\000i\000n\000\040\000H\000i\000e\000r\000a\000r\000c\000h\000i\000e\000s}{section.5.2}% 111
\BOOKMARK [1][-]{section.5.3}{\376\377\000B\000a\000y\000e\000s\000i\000a\000n\000\040\000T\000i\000m\000e\000\040\000S\000e\000r\000i\000e\000s\000\040\000M\000o\000d\000e\000l\000s}{chapter.5}% 112
\BOOKMARK [2][-]{subsection.5.3.1}{\376\377\000B\000a\000y\000e\000s\000i\000a\000n\000\040\000I\000n\000f\000e\000r\000e\000n\000c\000e\000\040\000F\000u\000n\000d\000a\000m\000e\000n\000t\000a\000l\000s}{section.5.3}% 113
\BOOKMARK [2][-]{subsection.5.3.2}{\376\377\000B\000a\000y\000e\000s\000i\000a\000n\000\040\000S\000t\000r\000u\000c\000t\000u\000r\000a\000l\000\040\000T\000i\000m\000e\000\040\000S\000e\000r\000i\000e\000s\000\040\000\050\000B\000S\000T\000S\000\051}{section.5.3}% 114
\BOOKMARK [2][-]{subsection.5.3.3}{\376\377\000S\000t\000a\000t\000e\000\040\000S\000p\000a\000c\000e\000\040\000M\000o\000d\000e\000l\000s}{section.5.3}% 115
\BOOKMARK [2][-]{subsection.5.3.4}{\376\377\000M\000a\000r\000k\000o\000v\000\040\000C\000h\000a\000i\000n\000\040\000M\000o\000n\000t\000e\000\040\000C\000a\000r\000l\000o\000\040\000\050\000M\000C\000M\000C\000\051}{section.5.3}% 116
\BOOKMARK [2][-]{subsection.5.3.5}{\376\377\000U\000n\000c\000e\000r\000t\000a\000i\000n\000t\000y\000\040\000Q\000u\000a\000n\000t\000i\000f\000i\000c\000a\000t\000i\000o\000n}{section.5.3}% 117
\BOOKMARK [1][-]{section.5.4}{\376\377\000C\000o\000n\000c\000l\000u\000s\000i\000o\000n}{chapter.5}% 118
\BOOKMARK [0][-]{chapter.6}{\376\377\000M\000a\000c\000h\000i\000n\000e\000\040\000L\000e\000a\000r\000n\000i\000n\000g\000\040\000f\000o\000r\000\040\000T\000i\000m\000e\000\040\000S\000e\000r\000i\000e\000s}{}% 119
\BOOKMARK [1][-]{section.6.1}{\376\377\000I\000n\000t\000r\000o\000d\000u\000c\000t\000i\000o\000n}{chapter.6}% 120
\BOOKMARK [1][-]{section.6.2}{\376\377\000M\000a\000i\000n\000\040\000C\000o\000n\000t\000e\000n\000t}{chapter.6}% 121
\BOOKMARK [2][-]{subsection.6.2.1}{\376\377\000O\000v\000e\000r\000v\000i\000e\000w\000\040\000o\000f\000\040\000M\000a\000c\000h\000i\000n\000e\000\040\000L\000e\000a\000r\000n\000i\000n\000g\000\040\000A\000l\000g\000o\000r\000i\000t\000h\000m\000s}{section.6.2}% 122
\BOOKMARK [2][-]{subsection.6.2.2}{\376\377\000F\000e\000a\000t\000u\000r\000e\000\040\000E\000n\000g\000i\000n\000e\000e\000r\000i\000n\000g\000\040\000f\000o\000r\000\040\000M\000a\000c\000h\000i\000n\000e\000\040\000L\000e\000a\000r\000n\000i\000n\000g}{section.6.2}% 123
\BOOKMARK [2][-]{subsection.6.2.3}{\376\377\000M\000o\000d\000e\000l\000\040\000T\000r\000a\000i\000n\000i\000n\000g\000\040\000a\000n\000d\000\040\000T\000u\000n\000i\000n\000g}{section.6.2}% 124
\BOOKMARK [2][-]{subsection.6.2.4}{\376\377\000F\000o\000r\000e\000c\000a\000s\000t\000i\000n\000g\000\040\000w\000i\000t\000h\000\040\000M\000a\000c\000h\000i\000n\000e\000\040\000L\000e\000a\000r\000n\000i\000n\000g\000\040\000M\000o\000d\000e\000l\000s}{section.6.2}% 125
\BOOKMARK [2][-]{subsection.6.2.5}{\376\377\000M\000o\000d\000e\000l\000\040\000E\000v\000a\000l\000u\000a\000t\000i\000o\000n\000\040\000a\000n\000d\000\040\000D\000i\000a\000g\000n\000o\000s\000t\000i\000c\000s}{section.6.2}% 126
\BOOKMARK [1][-]{section.6.3}{\376\377\000C\000o\000n\000c\000l\000u\000s\000i\000o\000n}{chapter.6}% 127
\BOOKMARK [0][-]{chapter.7}{\376\377\000D\000e\000e\000p\000\040\000L\000e\000a\000r\000n\000i\000n\000g\000\040\000f\000o\000r\000\040\000T\000i\000m\000e\000\040\000S\000e\000r\000i\000e\000s}{}% 128
\BOOKMARK [1][-]{section.7.1}{\376\377\000I\000n\000t\000r\000o\000d\000u\000c\000t\000i\000o\000n}{chapter.7}% 129
\BOOKMARK [1][-]{section.7.2}{\376\377\000M\000a\000i\000n\000\040\000C\000o\000n\000t\000e\000n\000t}{chapter.7}% 130
\BOOKMARK [2][-]{subsection.7.2.1}{\376\377\000C\000o\000n\000v\000o\000l\000u\000t\000i\000o\000n\000a\000l\000\040\000N\000e\000u\000r\000a\000l\000\040\000N\000e\000t\000w\000o\000r\000k\000s\000\040\000f\000o\000r\000\040\000T\000i\000m\000e\000\040\000S\000e\000r\000i\000e\000s}{section.7.2}% 131
\BOOKMARK [2][-]{subsection.7.2.2}{\376\377\000A\000t\000t\000e\000n\000t\000i\000o\000n\000\040\000M\000e\000c\000h\000a\000n\000i\000s\000m\000s\000\040\000a\000n\000d\000\040\000T\000r\000a\000n\000s\000f\000o\000r\000m\000e\000r\000s}{section.7.2}% 132
\BOOKMARK [2][-]{subsection.7.2.3}{\376\377\000A\000d\000v\000a\000n\000c\000e\000d\000\040\000D\000e\000e\000p\000\040\000L\000e\000a\000r\000n\000i\000n\000g\000\040\000T\000e\000c\000h\000n\000i\000q\000u\000e\000s}{section.7.2}% 133
\BOOKMARK [1][-]{section.7.3}{\376\377\000C\000o\000n\000c\000l\000u\000s\000i\000o\000n}{chapter.7}% 134
\BOOKMARK [0][-]{chapter.8}{\376\377\000E\000t\000h\000i\000c\000s\000\040\000i\000n\000\040\000T\000i\000m\000e\000\040\000S\000e\000r\000i\000e\000s\000\040\000A\000n\000a\000l\000y\000s\000i\000s}{}% 135
\BOOKMARK [1][-]{section.8.1}{\376\377\000D\000a\000t\000a\000\040\000P\000r\000i\000v\000a\000c\000y\000\040\000a\000n\000d\000\040\000S\000e\000c\000u\000r\000i\000t\000y}{chapter.8}% 136
\BOOKMARK [2][-]{subsection.8.1.1}{\376\377\000U\000n\000i\000q\000u\000e\000\040\000P\000r\000i\000v\000a\000c\000y\000\040\000C\000h\000a\000l\000l\000e\000n\000g\000e\000s\000\040\000i\000n\000\040\000T\000i\000m\000e\000\040\000S\000e\000r\000i\000e\000s}{section.8.1}% 137
\BOOKMARK [2][-]{subsection.8.1.2}{\376\377\000A\000n\000o\000n\000y\000m\000i\000z\000a\000t\000i\000o\000n\000\040\000T\000e\000c\000h\000n\000i\000q\000u\000e\000s}{section.8.1}% 138
\BOOKMARK [2][-]{subsection.8.1.3}{\376\377\000D\000i\000f\000f\000e\000r\000e\000n\000t\000i\000a\000l\000\040\000P\000r\000i\000v\000a\000c\000y}{section.8.1}% 139
\BOOKMARK [2][-]{subsection.8.1.4}{\376\377\000F\000e\000d\000e\000r\000a\000t\000e\000d\000\040\000L\000e\000a\000r\000n\000i\000n\000g}{section.8.1}% 140
\BOOKMARK [2][-]{subsection.8.1.5}{\376\377\000D\000a\000t\000a\000\040\000S\000e\000c\000u\000r\000i\000t\000y\000\040\000M\000e\000a\000s\000u\000r\000e\000s}{section.8.1}% 141
\BOOKMARK [1][-]{section.8.2}{\376\377\000B\000i\000a\000s\000\040\000a\000n\000d\000\040\000F\000a\000i\000r\000n\000e\000s\000s}{chapter.8}% 142
\BOOKMARK [2][-]{subsection.8.2.1}{\376\377\000T\000y\000p\000e\000s\000\040\000o\000f\000\040\000B\000i\000a\000s\000\040\000i\000n\000\040\000T\000i\000m\000e\000\040\000S\000e\000r\000i\000e\000s}{section.8.2}% 143
\BOOKMARK [2][-]{subsection.8.2.2}{\376\377\000F\000a\000i\000r\000n\000e\000s\000s\000\040\000M\000e\000t\000r\000i\000c\000s\000\040\000f\000o\000r\000\040\000T\000i\000m\000e\000\040\000S\000e\000r\000i\000e\000s}{section.8.2}% 144
\BOOKMARK [2][-]{subsection.8.2.3}{\376\377\000A\000l\000g\000o\000r\000i\000t\000h\000m\000i\000c\000\040\000F\000a\000i\000r\000n\000e\000s\000s\000\040\000T\000e\000c\000h\000n\000i\000q\000u\000e\000s}{section.8.2}% 145
\BOOKMARK [2][-]{subsection.8.2.4}{\376\377\000A\000d\000d\000r\000e\000s\000s\000i\000n\000g\000\040\000T\000e\000m\000p\000o\000r\000a\000l\000\040\000B\000i\000a\000s}{section.8.2}% 146
\BOOKMARK [1][-]{section.8.3}{\376\377\000T\000r\000a\000n\000s\000p\000a\000r\000e\000n\000c\000y\000\040\000a\000n\000d\000\040\000A\000c\000c\000o\000u\000n\000t\000a\000b\000i\000l\000i\000t\000y}{chapter.8}% 147
\BOOKMARK [2][-]{subsection.8.3.1}{\376\377\000M\000o\000d\000e\000l\000\040\000I\000n\000t\000e\000r\000p\000r\000e\000t\000a\000b\000i\000l\000i\000t\000y}{section.8.3}% 148
\BOOKMARK [2][-]{subsection.8.3.2}{\376\377\000E\000x\000p\000l\000a\000i\000n\000a\000b\000i\000l\000i\000t\000y\000\040\000T\000o\000o\000l\000s}{section.8.3}% 149
\BOOKMARK [2][-]{subsection.8.3.3}{\376\377\000E\000t\000h\000i\000c\000a\000l\000\040\000M\000o\000d\000e\000l\000\040\000A\000u\000d\000i\000t\000s}{section.8.3}% 150
\BOOKMARK [2][-]{subsection.8.3.4}{\376\377\000A\000c\000c\000o\000u\000n\000t\000a\000b\000i\000l\000i\000t\000y\000\040\000F\000r\000a\000m\000e\000w\000o\000r\000k\000s}{section.8.3}% 151
\BOOKMARK [1][-]{section.8.4}{\376\377\000E\000t\000h\000i\000c\000a\000l\000\040\000I\000m\000p\000l\000i\000c\000a\000t\000i\000o\000n\000s\000\040\000o\000f\000\040\000P\000r\000e\000d\000i\000c\000t\000i\000v\000e\000\040\000M\000o\000d\000e\000l\000i\000n\000g}{chapter.8}% 152
\BOOKMARK [2][-]{subsection.8.4.1}{\376\377\000F\000e\000e\000d\000b\000a\000c\000k\000\040\000L\000o\000o\000p\000s}{section.8.4}% 153
\BOOKMARK [2][-]{subsection.8.4.2}{\376\377\000S\000o\000c\000i\000a\000l\000\040\000a\000n\000d\000\040\000E\000c\000o\000n\000o\000m\000i\000c\000\040\000I\000m\000p\000a\000c\000t\000s}{section.8.4}% 154
\BOOKMARK [2][-]{subsection.8.4.3}{\376\377\000R\000e\000g\000u\000l\000a\000t\000o\000r\000y\000\040\000C\000o\000m\000p\000l\000i\000a\000n\000c\000e}{section.8.4}% 155
\BOOKMARK [2][-]{subsection.8.4.4}{\376\377\000E\000t\000h\000i\000c\000a\000l\000\040\000G\000u\000i\000d\000e\000l\000i\000n\000e\000s}{section.8.4}% 156
\BOOKMARK [1][-]{section.8.5}{\376\377\000C\000o\000n\000c\000l\000u\000s\000i\000o\000n}{chapter.8}% 157
\BOOKMARK [0][-]{chapter.9}{\376\377\000T\000i\000m\000e\000\040\000S\000e\000r\000i\000e\000s\000\040\000f\000o\000r\000\040\000F\000i\000n\000a\000n\000c\000e\000\040\000a\000n\000d\000\040\000E\000c\000o\000n\000o\000m\000i\000c\000s}{}% 158
\BOOKMARK [1][-]{section.9.1}{\376\377\000F\000i\000n\000a\000n\000c\000i\000a\000l\000\040\000T\000i\000m\000e\000\040\000S\000e\000r\000i\000e\000s\000\040\000F\000u\000n\000d\000a\000m\000e\000n\000t\000a\000l\000s}{chapter.9}% 159
\BOOKMARK [2][-]{subsection.9.1.1}{\376\377\000C\000h\000a\000r\000a\000c\000t\000e\000r\000i\000s\000t\000i\000c\000s\000\040\000o\000f\000\040\000F\000i\000n\000a\000n\000c\000i\000a\000l\000\040\000T\000i\000m\000e\000\040\000S\000e\000r\000i\000e\000s}{section.9.1}% 160
\BOOKMARK [2][-]{subsection.9.1.2}{\376\377\000S\000t\000o\000c\000k\000\040\000P\000r\000i\000c\000e\000s\000\040\000a\000n\000d\000\040\000M\000a\000r\000k\000e\000t\000\040\000I\000n\000d\000i\000c\000e\000s}{section.9.1}% 161
\BOOKMARK [2][-]{subsection.9.1.3}{\376\377\000E\000x\000c\000h\000a\000n\000g\000e\000\040\000R\000a\000t\000e\000s\000\040\000a\000n\000d\000\040\000C\000u\000r\000r\000e\000n\000c\000y\000\040\000M\000a\000r\000k\000e\000t\000s}{section.9.1}% 162
\BOOKMARK [2][-]{subsection.9.1.4}{\376\377\000C\000o\000m\000m\000o\000d\000i\000t\000y\000\040\000P\000r\000i\000c\000e\000s}{section.9.1}% 163
\BOOKMARK [2][-]{subsection.9.1.5}{\376\377\000I\000n\000t\000e\000r\000e\000s\000t\000\040\000R\000a\000t\000e\000s\000\040\000a\000n\000d\000\040\000B\000o\000n\000d\000\040\000Y\000i\000e\000l\000d\000s}{section.9.1}% 164
\BOOKMARK [1][-]{section.9.2}{\376\377\000M\000o\000n\000t\000e\000\040\000C\000a\000r\000l\000o\000\040\000S\000i\000m\000u\000l\000a\000t\000i\000o\000n\000\040\000f\000o\000r\000\040\000F\000i\000n\000a\000n\000c\000i\000a\000l\000\040\000F\000o\000r\000e\000c\000a\000s\000t\000i\000n\000g}{chapter.9}% 165
\BOOKMARK [2][-]{subsection.9.2.1}{\376\377\000G\000e\000o\000m\000e\000t\000r\000i\000c\000\040\000B\000r\000o\000w\000n\000i\000a\000n\000\040\000M\000o\000t\000i\000o\000n}{section.9.2}% 166
\BOOKMARK [2][-]{subsection.9.2.2}{\376\377\000B\000l\000a\000c\000k\000-\000S\000c\000h\000o\000l\000e\000s\000\040\000M\000o\000d\000e\000l}{section.9.2}% 167
\BOOKMARK [2][-]{subsection.9.2.3}{\376\377\000I\000m\000p\000l\000e\000m\000e\000n\000t\000i\000n\000g\000\040\000M\000o\000n\000t\000e\000\040\000C\000a\000r\000l\000o\000\040\000S\000i\000m\000u\000l\000a\000t\000i\000o\000n\000s}{section.9.2}% 168
\BOOKMARK [2][-]{subsection.9.2.4}{\376\377\000I\000n\000t\000e\000r\000p\000r\000e\000t\000i\000n\000g\000\040\000S\000i\000m\000u\000l\000a\000t\000i\000o\000n\000\040\000R\000e\000s\000u\000l\000t\000s}{section.9.2}% 169
\BOOKMARK [1][-]{section.9.3}{\376\377\000T\000e\000c\000h\000n\000i\000c\000a\000l\000\040\000A\000n\000a\000l\000y\000s\000i\000s\000\040\000w\000i\000t\000h\000\040\000T\000i\000m\000e\000\040\000S\000e\000r\000i\000e\000s}{chapter.9}% 170
\BOOKMARK [2][-]{subsection.9.3.1}{\376\377\000M\000o\000v\000i\000n\000g\000\040\000A\000v\000e\000r\000a\000g\000e\000s}{section.9.3}% 171
\BOOKMARK [2][-]{subsection.9.3.2}{\376\377\000B\000o\000l\000l\000i\000n\000g\000e\000r\000\040\000B\000a\000n\000d\000s}{section.9.3}% 172
\BOOKMARK [2][-]{subsection.9.3.3}{\376\377\000V\000o\000l\000a\000t\000i\000l\000i\000t\000y\000\040\000I\000n\000d\000i\000c\000a\000t\000o\000r\000s}{section.9.3}% 173
\BOOKMARK [1][-]{section.9.4}{\376\377\000V\000o\000l\000a\000t\000i\000l\000i\000t\000y\000\040\000M\000o\000d\000e\000l\000i\000n\000g}{chapter.9}% 174
\BOOKMARK [2][-]{subsection.9.4.1}{\376\377\000U\000n\000d\000e\000r\000s\000t\000a\000n\000d\000i\000n\000g\000\040\000V\000o\000l\000a\000t\000i\000l\000i\000t\000y\000\040\000C\000l\000u\000s\000t\000e\000r\000i\000n\000g}{section.9.4}% 175
\BOOKMARK [2][-]{subsection.9.4.2}{\376\377\000A\000R\000C\000H\000\040\000M\000o\000d\000e\000l\000s}{section.9.4}% 176
\BOOKMARK [2][-]{subsection.9.4.3}{\376\377\000G\000A\000R\000C\000H\000\040\000M\000o\000d\000e\000l\000s}{section.9.4}% 177
\BOOKMARK [2][-]{subsection.9.4.4}{\376\377\000A\000p\000p\000l\000i\000c\000a\000t\000i\000o\000n\000s\000\040\000i\000n\000\040\000R\000i\000s\000k\000\040\000M\000a\000n\000a\000g\000e\000m\000e\000n\000t}{section.9.4}% 178
\BOOKMARK [1][-]{section.9.5}{\376\377\000E\000c\000o\000n\000o\000m\000i\000c\000\040\000T\000i\000m\000e\000\040\000S\000e\000r\000i\000e\000s\000\040\000A\000n\000a\000l\000y\000s\000i\000s}{chapter.9}% 179
\BOOKMARK [2][-]{subsection.9.5.1}{\376\377\000G\000r\000o\000s\000s\000\040\000D\000o\000m\000e\000s\000t\000i\000c\000\040\000P\000r\000o\000d\000u\000c\000t\000\040\000\050\000G\000D\000P\000\051\000\040\000F\000o\000r\000e\000c\000a\000s\000t\000i\000n\000g}{section.9.5}% 180
\BOOKMARK [2][-]{subsection.9.5.2}{\376\377\000I\000n\000f\000l\000a\000t\000i\000o\000n\000\040\000a\000n\000d\000\040\000C\000o\000n\000s\000u\000m\000e\000r\000\040\000P\000r\000i\000c\000e\000\040\000I\000n\000d\000e\000x\000\040\000\050\000C\000P\000I\000\051}{section.9.5}% 181
\BOOKMARK [2][-]{subsection.9.5.3}{\376\377\000E\000m\000p\000l\000o\000y\000m\000e\000n\000t\000\040\000a\000n\000d\000\040\000U\000n\000e\000m\000p\000l\000o\000y\000m\000e\000n\000t\000\040\000R\000a\000t\000e\000s}{section.9.5}% 182
\BOOKMARK [2][-]{subsection.9.5.4}{\376\377\000E\000c\000o\000n\000o\000m\000i\000c\000\040\000I\000n\000d\000i\000c\000a\000t\000o\000r\000s\000\040\000a\000n\000d\000\040\000B\000u\000s\000i\000n\000e\000s\000s\000\040\000C\000y\000c\000l\000e\000s}{section.9.5}% 183
\BOOKMARK [1][-]{section.9.6}{\376\377\000E\000c\000o\000n\000o\000m\000e\000t\000r\000i\000c\000\040\000M\000e\000t\000h\000o\000d\000s\000\040\000f\000o\000r\000\040\000P\000o\000l\000i\000c\000y\000\040\000A\000n\000a\000l\000y\000s\000i\000s}{chapter.9}% 184
\BOOKMARK [2][-]{subsection.9.6.1}{\376\377\000V\000e\000c\000t\000o\000r\000\040\000A\000u\000t\000o\000r\000e\000g\000r\000e\000s\000s\000i\000o\000n\000\040\000\050\000V\000A\000R\000\051}{section.9.6}% 185
\BOOKMARK [2][-]{subsection.9.6.2}{\376\377\000C\000o\000i\000n\000t\000e\000g\000r\000a\000t\000i\000o\000n\000\040\000A\000n\000a\000l\000y\000s\000i\000s}{section.9.6}% 186
\BOOKMARK [2][-]{subsection.9.6.3}{\376\377\000C\000a\000u\000s\000a\000l\000\040\000I\000n\000f\000e\000r\000e\000n\000c\000e\000\040\000i\000n\000\040\000E\000c\000o\000n\000o\000m\000i\000c\000\040\000D\000a\000t\000a}{section.9.6}% 187
\BOOKMARK [2][-]{subsection.9.6.4}{\376\377\000P\000o\000l\000i\000c\000y\000\040\000I\000m\000p\000a\000c\000t\000\040\000E\000v\000a\000l\000u\000a\000t\000i\000o\000n}{section.9.6}% 188
\BOOKMARK [1][-]{section.9.7}{\376\377\000R\000i\000s\000k\000\040\000M\000a\000n\000a\000g\000e\000m\000e\000n\000t\000\040\000a\000n\000d\000\040\000P\000o\000r\000t\000f\000o\000l\000i\000o\000\040\000O\000p\000t\000i\000m\000i\000z\000a\000t\000i\000o\000n}{chapter.9}% 189
\BOOKMARK [2][-]{subsection.9.7.1}{\376\377\000V\000a\000l\000u\000e\000\040\000a\000t\000\040\000R\000i\000s\000k\000\040\000\050\000V\000a\000R\000\051}{section.9.7}% 190
\BOOKMARK [2][-]{subsection.9.7.2}{\376\377\000E\000x\000p\000e\000c\000t\000e\000d\000\040\000S\000h\000o\000r\000t\000f\000a\000l\000l\000\040\000\050\000C\000V\000a\000R\000\051}{section.9.7}% 191
\BOOKMARK [2][-]{subsection.9.7.3}{\376\377\000P\000o\000r\000t\000f\000o\000l\000i\000o\000\040\000O\000p\000t\000i\000m\000i\000z\000a\000t\000i\000o\000n\000\040\000S\000t\000r\000a\000t\000e\000g\000i\000e\000s}{section.9.7}% 192
\BOOKMARK [2][-]{subsection.9.7.4}{\376\377\000S\000t\000r\000e\000s\000s\000\040\000T\000e\000s\000t\000i\000n\000g\000\040\000a\000n\000d\000\040\000S\000c\000e\000n\000a\000r\000i\000o\000\040\000A\000n\000a\000l\000y\000s\000i\000s}{section.9.7}% 193
\BOOKMARK [1][-]{section.9.8}{\376\377\000A\000l\000g\000o\000r\000i\000t\000h\000m\000i\000c\000\040\000T\000r\000a\000d\000i\000n\000g\000\040\000a\000n\000d\000\040\000H\000i\000g\000h\000-\000F\000r\000e\000q\000u\000e\000n\000c\000y\000\040\000D\000a\000t\000a}{chapter.9}% 194
\BOOKMARK [2][-]{subsection.9.8.1}{\376\377\000H\000i\000g\000h\000-\000F\000r\000e\000q\000u\000e\000n\000c\000y\000\040\000T\000r\000a\000d\000i\000n\000g}{section.9.8}% 195
\BOOKMARK [1][-]{section.9.9}{\376\377\000C\000o\000n\000c\000l\000u\000s\000i\000o\000n}{chapter.9}% 196
\BOOKMARK [0][-]{chapter.10}{\376\377\000T\000i\000m\000e\000\040\000S\000e\000r\000i\000e\000s\000\040\000A\000p\000p\000l\000i\000c\000a\000t\000i\000o\000n\000s\000\040\000i\000n\000\040\000E\000n\000e\000r\000g\000y\000\040\000a\000n\000d\000\040\000E\000n\000v\000i\000r\000o\000n\000m\000e\000n\000t}{}% 197
\BOOKMARK [1][-]{section.10.1}{\376\377\000E\000n\000e\000r\000g\000y\000\040\000D\000e\000m\000a\000n\000d\000\040\000F\000o\000r\000e\000c\000a\000s\000t\000i\000n\000g}{chapter.10}% 198
\BOOKMARK [2][-]{subsection.10.1.1}{\376\377\000P\000o\000w\000e\000r\000\040\000D\000e\000m\000a\000n\000d\000\040\000P\000a\000t\000t\000e\000r\000n\000s\000\040\000a\000n\000d\000\040\000S\000e\000a\000s\000o\000n\000a\000l\000i\000t\000y}{section.10.1}% 199
\BOOKMARK [2][-]{subsection.10.1.2}{\376\377\000L\000o\000a\000d\000\040\000F\000o\000r\000e\000c\000a\000s\000t\000i\000n\000g\000\040\000M\000e\000t\000h\000o\000d\000s}{section.10.1}% 200
\BOOKMARK [2][-]{subsection.10.1.3}{\376\377\000R\000e\000n\000e\000w\000a\000b\000l\000e\000\040\000E\000n\000e\000r\000g\000y\000\040\000I\000n\000t\000e\000g\000r\000a\000t\000i\000o\000n}{section.10.1}% 201
\BOOKMARK [2][-]{subsection.10.1.4}{\376\377\000G\000r\000i\000d\000\040\000S\000t\000a\000b\000i\000l\000i\000t\000y\000\040\000a\000n\000d\000\040\000P\000l\000a\000n\000n\000i\000n\000g}{section.10.1}% 202
\BOOKMARK [1][-]{section.10.2}{\376\377\000N\000a\000t\000u\000r\000a\000l\000\040\000G\000a\000s\000\040\000a\000n\000d\000\040\000C\000o\000m\000m\000o\000d\000i\000t\000y\000\040\000P\000r\000i\000c\000e\000\040\000F\000o\000r\000e\000c\000a\000s\000t\000i\000n\000g}{chapter.10}% 203
\BOOKMARK [2][-]{subsection.10.2.1}{\376\377\000N\000a\000t\000u\000r\000a\000l\000\040\000G\000a\000s\000\040\000P\000r\000i\000c\000e\000\040\000D\000y\000n\000a\000m\000i\000c\000s}{section.10.2}% 204
\BOOKMARK [2][-]{subsection.10.2.2}{\376\377\000S\000e\000a\000s\000o\000n\000a\000l\000\040\000P\000a\000t\000t\000e\000r\000n\000s\000\040\000i\000n\000\040\000E\000n\000e\000r\000g\000y\000\040\000M\000a\000r\000k\000e\000t\000s}{section.10.2}% 205
\BOOKMARK [2][-]{subsection.10.2.3}{\376\377\000G\000e\000o\000p\000o\000l\000i\000t\000i\000c\000a\000l\000\040\000F\000a\000c\000t\000o\000r\000s\000\040\000a\000n\000d\000\040\000V\000o\000l\000a\000t\000i\000l\000i\000t\000y}{section.10.2}% 206
\BOOKMARK [2][-]{subsection.10.2.4}{\376\377\000F\000o\000r\000e\000c\000a\000s\000t\000i\000n\000g\000\040\000M\000e\000t\000h\000o\000d\000s\000\040\000f\000o\000r\000\040\000E\000n\000e\000r\000g\000y\000\040\000C\000o\000m\000m\000o\000d\000i\000t\000i\000e\000s}{section.10.2}% 207
\BOOKMARK [1][-]{section.10.3}{\376\377\000R\000e\000n\000e\000w\000a\000b\000l\000e\000\040\000E\000n\000e\000r\000g\000y\000\040\000F\000o\000r\000e\000c\000a\000s\000t\000i\000n\000g}{chapter.10}% 208
\BOOKMARK [2][-]{subsection.10.3.1}{\376\377\000S\000o\000l\000a\000r\000\040\000P\000o\000w\000e\000r\000\040\000P\000r\000o\000d\000u\000c\000t\000i\000o\000n\000\040\000F\000o\000r\000e\000c\000a\000s\000t\000i\000n\000g}{section.10.3}% 209
\BOOKMARK [2][-]{subsection.10.3.2}{\376\377\000W\000i\000n\000d\000\040\000E\000n\000e\000r\000g\000y\000\040\000P\000r\000e\000d\000i\000c\000t\000i\000o\000n}{section.10.3}% 210
\BOOKMARK [2][-]{subsection.10.3.3}{\376\377\000H\000y\000d\000r\000o\000p\000o\000w\000e\000r\000\040\000a\000n\000d\000\040\000W\000a\000t\000e\000r\000\040\000R\000e\000s\000o\000u\000r\000c\000e\000s}{section.10.3}% 211
\BOOKMARK [2][-]{subsection.10.3.4}{\376\377\000I\000n\000t\000e\000g\000r\000a\000t\000i\000o\000n\000\040\000C\000h\000a\000l\000l\000e\000n\000g\000e\000s}{section.10.3}% 212
\BOOKMARK [1][-]{section.10.4}{\376\377\000P\000r\000e\000d\000i\000c\000t\000i\000v\000e\000\040\000M\000a\000i\000n\000t\000e\000n\000a\000n\000c\000e\000\040\000i\000n\000\040\000E\000n\000e\000r\000g\000y\000\040\000S\000y\000s\000t\000e\000m\000s}{chapter.10}% 213
\BOOKMARK [2][-]{subsection.10.4.1}{\376\377\000E\000q\000u\000i\000p\000m\000e\000n\000t\000\040\000F\000a\000i\000l\000u\000r\000e\000\040\000P\000r\000e\000d\000i\000c\000t\000i\000o\000n}{section.10.4}% 214
\BOOKMARK [2][-]{subsection.10.4.2}{\376\377\000P\000r\000i\000n\000c\000i\000p\000a\000l\000\040\000C\000o\000m\000p\000o\000n\000e\000n\000t\000\040\000A\000n\000a\000l\000y\000s\000i\000s\000\040\000f\000o\000r\000\040\000A\000n\000o\000m\000a\000l\000y\000\040\000D\000e\000t\000e\000c\000t\000i\000o\000n}{section.10.4}% 215
\BOOKMARK [2][-]{subsection.10.4.3}{\376\377\000C\000o\000n\000d\000i\000t\000i\000o\000n\000-\000B\000a\000s\000e\000d\000\040\000M\000a\000i\000n\000t\000e\000n\000a\000n\000c\000e}{section.10.4}% 216
\BOOKMARK [2][-]{subsection.10.4.4}{\376\377\000C\000o\000s\000t\000\040\000O\000p\000t\000i\000m\000i\000z\000a\000t\000i\000o\000n\000\040\000S\000t\000r\000a\000t\000e\000g\000i\000e\000s}{section.10.4}% 217
\BOOKMARK [1][-]{section.10.5}{\376\377\000E\000n\000v\000i\000r\000o\000n\000m\000e\000n\000t\000a\000l\000\040\000M\000o\000n\000i\000t\000o\000r\000i\000n\000g\000\040\000a\000n\000d\000\040\000C\000l\000i\000m\000a\000t\000e\000\040\000A\000n\000a\000l\000y\000s\000i\000s}{chapter.10}% 218
\BOOKMARK [2][-]{subsection.10.5.1}{\376\377\000T\000e\000m\000p\000e\000r\000a\000t\000u\000r\000e\000\040\000a\000n\000d\000\040\000W\000e\000a\000t\000h\000e\000r\000\040\000P\000a\000t\000t\000e\000r\000n\000\040\000A\000n\000a\000l\000y\000s\000i\000s}{section.10.5}% 219
\BOOKMARK [2][-]{subsection.10.5.2}{\376\377\000A\000i\000r\000\040\000Q\000u\000a\000l\000i\000t\000y\000\040\000M\000o\000n\000i\000t\000o\000r\000i\000n\000g}{section.10.5}% 220
\BOOKMARK [2][-]{subsection.10.5.3}{\376\377\000C\000a\000r\000b\000o\000n\000\040\000E\000m\000i\000s\000s\000i\000o\000n\000s\000\040\000T\000r\000a\000c\000k\000i\000n\000g}{section.10.5}% 221
\BOOKMARK [2][-]{subsection.10.5.4}{\376\377\000C\000l\000i\000m\000a\000t\000e\000\040\000C\000h\000a\000n\000g\000e\000\040\000I\000n\000d\000i\000c\000a\000t\000o\000r\000s}{section.10.5}% 222
\BOOKMARK [1][-]{section.10.6}{\376\377\000E\000d\000g\000e\000\040\000C\000o\000m\000p\000u\000t\000i\000n\000g\000\040\000a\000n\000d\000\040\000R\000e\000a\000l\000-\000T\000i\000m\000e\000\040\000P\000r\000o\000c\000e\000s\000s\000i\000n\000g}{chapter.10}% 223
\BOOKMARK [2][-]{subsection.10.6.1}{\376\377\000R\000e\000a\000l\000-\000T\000i\000m\000e\000\040\000D\000a\000t\000a\000\040\000C\000o\000l\000l\000e\000c\000t\000i\000o\000n}{section.10.6}% 224
\BOOKMARK [2][-]{subsection.10.6.2}{\376\377\000E\000d\000g\000e\000\040\000A\000n\000a\000l\000y\000t\000i\000c\000s\000\040\000f\000o\000r\000\040\000E\000n\000e\000r\000g\000y\000\040\000S\000y\000s\000t\000e\000m\000s}{section.10.6}% 225
\BOOKMARK [2][-]{subsection.10.6.3}{\376\377\000I\000o\000T\000\040\000S\000e\000n\000s\000o\000r\000s\000\040\000a\000n\000d\000\040\000T\000i\000m\000e\000\040\000S\000e\000r\000i\000e\000s\000\040\000D\000a\000t\000a}{section.10.6}% 226
\BOOKMARK [2][-]{subsection.10.6.4}{\376\377\000D\000i\000s\000t\000r\000i\000b\000u\000t\000e\000d\000\040\000P\000r\000o\000c\000e\000s\000s\000i\000n\000g\000\040\000A\000r\000c\000h\000i\000t\000e\000c\000t\000u\000r\000e\000s}{section.10.6}% 227
\BOOKMARK [1][-]{section.10.7}{\376\377\000G\000e\000n\000e\000r\000a\000t\000i\000v\000e\000\040\000A\000I\000\040\000f\000o\000r\000\040\000E\000n\000v\000i\000r\000o\000n\000m\000e\000n\000t\000a\000l\000\040\000A\000n\000a\000l\000y\000s\000i\000s}{chapter.10}% 228
\BOOKMARK [2][-]{subsection.10.7.1}{\376\377\000A\000I\000-\000A\000s\000s\000i\000s\000t\000e\000d\000\040\000T\000r\000e\000n\000d\000\040\000A\000s\000s\000e\000s\000s\000m\000e\000n\000t}{section.10.7}% 229
\BOOKMARK [2][-]{subsection.10.7.2}{\376\377\000P\000a\000t\000t\000e\000r\000n\000\040\000R\000e\000c\000o\000g\000n\000i\000t\000i\000o\000n\000\040\000i\000n\000\040\000C\000l\000i\000m\000a\000t\000e\000\040\000D\000a\000t\000a}{section.10.7}% 230
\BOOKMARK [2][-]{subsection.10.7.3}{\376\377\000P\000r\000e\000d\000i\000c\000t\000i\000v\000e\000\040\000M\000o\000d\000e\000l\000i\000n\000g\000\040\000w\000i\000t\000h\000\040\000G\000e\000n\000e\000r\000a\000t\000i\000v\000e\000\040\000A\000I}{section.10.7}% 231
\BOOKMARK [2][-]{subsection.10.7.4}{\376\377\000A\000p\000p\000l\000i\000c\000a\000t\000i\000o\000n\000s\000\040\000i\000n\000\040\000G\000e\000o\000s\000c\000i\000e\000n\000c\000e}{section.10.7}% 232
\BOOKMARK [1][-]{section.10.8}{\376\377\000C\000o\000n\000c\000l\000u\000s\000i\000o\000n}{chapter.10}% 233
\BOOKMARK [0][-]{chapter.11}{\376\377\000T\000i\000m\000e\000\040\000S\000e\000r\000i\000e\000s\000\040\000A\000p\000p\000l\000i\000c\000a\000t\000i\000o\000n\000s\000\040\000i\000n\000\040\000E\000a\000r\000t\000h\000\040\000a\000n\000d\000\040\000E\000n\000v\000i\000r\000o\000n\000m\000e\000n\000t\000a\000l\000\040\000S\000c\000i\000e\000n\000c\000e}{}% 234
\BOOKMARK [1][-]{section.11.1}{\376\377\000I\000n\000t\000r\000o\000d\000u\000c\000t\000i\000o\000n}{chapter.11}% 235
\BOOKMARK [1][-]{section.11.2}{\376\377\000W\000i\000l\000d\000f\000i\000r\000e\000\040\000A\000n\000a\000l\000y\000s\000i\000s\000\040\000a\000n\000d\000\040\000P\000r\000e\000d\000i\000c\000t\000i\000o\000n}{chapter.11}% 236
\BOOKMARK [2][-]{subsection.11.2.1}{\376\377\000F\000i\000r\000e\000\040\000B\000e\000h\000a\000v\000i\000o\000r\000\040\000P\000a\000t\000t\000e\000r\000n\000s}{section.11.2}% 237
\BOOKMARK [2][-]{subsection.11.2.2}{\376\377\000W\000e\000a\000t\000h\000e\000r\000\040\000a\000n\000d\000\040\000C\000l\000i\000m\000a\000t\000e\000\040\000F\000a\000c\000t\000o\000r\000s}{section.11.2}% 238
\BOOKMARK [2][-]{subsection.11.2.3}{\376\377\000T\000i\000m\000e\000\040\000S\000e\000r\000i\000e\000s\000\040\000A\000n\000a\000l\000y\000s\000i\000s\000\040\000o\000f\000\040\000F\000i\000r\000e\000\040\000E\000v\000e\000n\000t\000s}{section.11.2}% 239
\BOOKMARK [2][-]{subsection.11.2.4}{\376\377\000E\000a\000r\000l\000y\000\040\000W\000a\000r\000n\000i\000n\000g\000\040\000S\000y\000s\000t\000e\000m\000s}{section.11.2}% 240
\BOOKMARK [1][-]{section.11.3}{\376\377\000F\000l\000o\000o\000d\000\040\000A\000n\000a\000l\000y\000s\000i\000s\000\040\000a\000n\000d\000\040\000S\000t\000r\000e\000a\000m\000\040\000D\000i\000s\000c\000h\000a\000r\000g\000e}{chapter.11}% 241
\BOOKMARK [2][-]{subsection.11.3.1}{\376\377\000S\000t\000r\000e\000a\000m\000\040\000D\000i\000s\000c\000h\000a\000r\000g\000e\000\040\000P\000a\000t\000t\000e\000r\000n\000s}{section.11.3}% 242
\BOOKMARK [2][-]{subsection.11.3.2}{\376\377\000F\000l\000o\000o\000d\000\040\000E\000v\000e\000n\000t\000\040\000D\000e\000t\000e\000c\000t\000i\000o\000n}{section.11.3}% 243
\BOOKMARK [2][-]{subsection.11.3.3}{\376\377\000F\000o\000r\000e\000c\000a\000s\000t\000i\000n\000g\000\040\000S\000t\000r\000e\000a\000m\000\040\000D\000i\000s\000c\000h\000a\000r\000g\000e}{section.11.3}% 244
\BOOKMARK [2][-]{subsection.11.3.4}{\376\377\000C\000a\000s\000e\000\040\000S\000t\000u\000d\000y\000:\000\040\0002\0000\0001\0003\000\040\000C\000o\000l\000o\000r\000a\000d\000o\000\040\000F\000l\000o\000o\000d}{section.11.3}% 245
\BOOKMARK [1][-]{section.11.4}{\376\377\000C\000l\000i\000m\000a\000t\000e\000\040\000M\000o\000d\000e\000l\000i\000n\000g\000\040\000a\000n\000d\000\040\000T\000r\000e\000n\000d\000\040\000A\000n\000a\000l\000y\000s\000i\000s}{chapter.11}% 246
\BOOKMARK [2][-]{subsection.11.4.1}{\376\377\000T\000e\000m\000p\000e\000r\000a\000t\000u\000r\000e\000\040\000T\000r\000e\000n\000d\000s}{section.11.4}% 247
\BOOKMARK [2][-]{subsection.11.4.2}{\376\377\000P\000r\000e\000c\000i\000p\000i\000t\000a\000t\000i\000o\000n\000\040\000P\000a\000t\000t\000e\000r\000n\000s}{section.11.4}% 248
\BOOKMARK [2][-]{subsection.11.4.3}{\376\377\000C\000l\000i\000m\000a\000t\000e\000\040\000C\000h\000a\000n\000g\000e\000\040\000I\000n\000d\000i\000c\000a\000t\000o\000r\000s}{section.11.4}% 249
\BOOKMARK [2][-]{subsection.11.4.4}{\376\377\000L\000o\000n\000g\000-\000T\000e\000r\000m\000\040\000F\000o\000r\000e\000c\000a\000s\000t\000i\000n\000g}{section.11.4}% 250
\BOOKMARK [1][-]{section.11.5}{\376\377\000E\000a\000r\000t\000h\000\040\000O\000b\000s\000e\000r\000v\000a\000t\000i\000o\000n\000\040\000a\000n\000d\000\040\000R\000e\000m\000o\000t\000e\000\040\000S\000e\000n\000s\000i\000n\000g}{chapter.11}% 251
\BOOKMARK [2][-]{subsection.11.5.1}{\376\377\000S\000a\000t\000e\000l\000l\000i\000t\000e\000\040\000T\000i\000m\000e\000\040\000S\000e\000r\000i\000e\000s\000\040\000D\000a\000t\000a}{section.11.5}% 252
\BOOKMARK [2][-]{subsection.11.5.2}{\376\377\000L\000a\000n\000d\000\040\000U\000s\000e\000\040\000a\000n\000d\000\040\000L\000a\000n\000d\000\040\000C\000o\000v\000e\000r\000\040\000C\000h\000a\000n\000g\000e}{section.11.5}% 253
\BOOKMARK [2][-]{subsection.11.5.3}{\376\377\000V\000e\000g\000e\000t\000a\000t\000i\000o\000n\000\040\000M\000o\000n\000i\000t\000o\000r\000i\000n\000g}{section.11.5}% 254
\BOOKMARK [2][-]{subsection.11.5.4}{\376\377\000A\000p\000p\000l\000i\000c\000a\000t\000i\000o\000n\000s\000\040\000o\000f\000\040\000G\000e\000n\000e\000r\000a\000t\000i\000v\000e\000\040\000A\000I}{section.11.5}% 255
\BOOKMARK [1][-]{section.11.6}{\376\377\000S\000e\000i\000s\000m\000i\000c\000\040\000a\000n\000d\000\040\000G\000e\000o\000l\000o\000g\000i\000c\000\040\000T\000i\000m\000e\000\040\000S\000e\000r\000i\000e\000s}{chapter.11}% 256
\BOOKMARK [2][-]{subsection.11.6.1}{\376\377\000E\000a\000r\000t\000h\000q\000u\000a\000k\000e\000\040\000D\000e\000t\000e\000c\000t\000i\000o\000n\000\040\000a\000n\000d\000\040\000A\000n\000a\000l\000y\000s\000i\000s}{section.11.6}% 257
\BOOKMARK [2][-]{subsection.11.6.2}{\376\377\000S\000e\000i\000s\000m\000i\000c\000\040\000P\000a\000t\000t\000e\000r\000n\000\040\000R\000e\000c\000o\000g\000n\000i\000t\000i\000o\000n}{section.11.6}% 258
\BOOKMARK [2][-]{subsection.11.6.3}{\376\377\000G\000e\000o\000l\000o\000g\000i\000c\000a\000l\000\040\000P\000r\000o\000c\000e\000s\000s\000\040\000M\000o\000d\000e\000l\000i\000n\000g}{section.11.6}% 259
\BOOKMARK [2][-]{subsection.11.6.4}{\376\377\000R\000e\000s\000o\000u\000r\000c\000e\000\040\000E\000x\000p\000l\000o\000r\000a\000t\000i\000o\000n}{section.11.6}% 260
\BOOKMARK [1][-]{section.11.7}{\376\377\000E\000n\000v\000i\000r\000o\000n\000m\000e\000n\000t\000a\000l\000\040\000M\000o\000n\000i\000t\000o\000r\000i\000n\000g\000\040\000S\000y\000s\000t\000e\000m\000s}{chapter.11}% 261
\BOOKMARK [2][-]{subsection.11.7.1}{\376\377\000A\000i\000r\000\040\000Q\000u\000a\000l\000i\000t\000y\000\040\000T\000i\000m\000e\000\040\000S\000e\000r\000i\000e\000s}{section.11.7}% 262
\BOOKMARK [2][-]{subsection.11.7.2}{\376\377\000W\000a\000t\000e\000r\000\040\000Q\000u\000a\000l\000i\000t\000y\000\040\000M\000o\000n\000i\000t\000o\000r\000i\000n\000g}{section.11.7}% 263
\BOOKMARK [2][-]{subsection.11.7.3}{\376\377\000E\000c\000o\000s\000y\000s\000t\000e\000m\000\040\000H\000e\000a\000l\000t\000h\000\040\000I\000n\000d\000i\000c\000a\000t\000o\000r\000s}{section.11.7}% 264
\BOOKMARK [2][-]{subsection.11.7.4}{\376\377\000B\000i\000o\000d\000i\000v\000e\000r\000s\000i\000t\000y\000\040\000T\000r\000a\000c\000k\000i\000n\000g}{section.11.7}% 265
\BOOKMARK [1][-]{section.11.8}{\376\377\000C\000o\000n\000c\000l\000u\000s\000i\000o\000n}{chapter.11}% 266
\BOOKMARK [0][-]{chapter.12}{\376\377\000T\000i\000m\000e\000\040\000S\000e\000r\000i\000e\000s\000\040\000A\000p\000p\000l\000i\000c\000a\000t\000i\000o\000n\000s\000\040\000i\000n\000\040\000M\000u\000s\000i\000c\000\040\000a\000n\000d\000\040\000A\000u\000d\000i\000o\000\040\000A\000n\000a\000l\000y\000s\000i\000s}{}% 267
\BOOKMARK [1][-]{section.12.1}{\376\377\000I\000n\000t\000r\000o\000d\000u\000c\000t\000i\000o\000n}{chapter.12}% 268
\BOOKMARK [1][-]{section.12.2}{\376\377\000F\000u\000n\000d\000a\000m\000e\000n\000t\000a\000l\000s\000\040\000o\000f\000\040\000A\000u\000d\000i\000o\000\040\000T\000i\000m\000e\000\040\000S\000e\000r\000i\000e\000s}{chapter.12}% 269
\BOOKMARK [2][-]{subsection.12.2.1}{\376\377\000D\000i\000g\000i\000t\000a\000l\000\040\000A\000u\000d\000i\000o\000\040\000R\000e\000p\000r\000e\000s\000e\000n\000t\000a\000t\000i\000o\000n}{section.12.2}% 270
\BOOKMARK [2][-]{subsection.12.2.2}{\376\377\000S\000a\000m\000p\000l\000i\000n\000g\000\040\000a\000n\000d\000\040\000T\000i\000m\000e\000\040\000D\000o\000m\000a\000i\000n\000\040\000A\000n\000a\000l\000y\000s\000i\000s}{section.12.2}% 271
\BOOKMARK [2][-]{subsection.12.2.3}{\376\377\000F\000r\000e\000q\000u\000e\000n\000c\000y\000\040\000D\000o\000m\000a\000i\000n\000\040\000A\000n\000a\000l\000y\000s\000i\000s}{section.12.2}% 272
\BOOKMARK [2][-]{subsection.12.2.4}{\376\377\000A\000u\000d\000i\000o\000\040\000F\000e\000a\000t\000u\000r\000e\000s\000\040\000a\000n\000d\000\040\000C\000h\000a\000r\000a\000c\000t\000e\000r\000i\000s\000t\000i\000c\000s}{section.12.2}% 273
\BOOKMARK [1][-]{section.12.3}{\376\377\000P\000i\000t\000c\000h\000\040\000a\000n\000d\000\040\000M\000e\000l\000o\000d\000y\000\040\000A\000n\000a\000l\000y\000s\000i\000s}{chapter.12}% 274
\BOOKMARK [2][-]{subsection.12.3.1}{\376\377\000P\000i\000t\000c\000h\000\040\000D\000e\000t\000e\000c\000t\000i\000o\000n\000\040\000a\000n\000d\000\040\000T\000r\000a\000c\000k\000i\000n\000g}{section.12.3}% 275
\BOOKMARK [2][-]{subsection.12.3.2}{\376\377\000M\000e\000l\000o\000d\000i\000c\000\040\000C\000o\000n\000t\000o\000u\000r\000\040\000A\000n\000a\000l\000y\000s\000i\000s}{section.12.3}% 276
\BOOKMARK [2][-]{subsection.12.3.3}{\376\377\000H\000a\000r\000m\000o\000n\000i\000c\000\040\000A\000n\000a\000l\000y\000s\000i\000s}{section.12.3}% 277
\BOOKMARK [2][-]{subsection.12.3.4}{\376\377\000T\000o\000n\000a\000l\000\040\000C\000e\000n\000t\000e\000r\000\040\000I\000d\000e\000n\000t\000i\000f\000i\000c\000a\000t\000i\000o\000n}{section.12.3}% 278
\BOOKMARK [1][-]{section.12.4}{\376\377\000R\000h\000y\000t\000h\000m\000\040\000a\000n\000d\000\040\000T\000e\000m\000p\000o\000\040\000A\000n\000a\000l\000y\000s\000i\000s}{chapter.12}% 279
\BOOKMARK [2][-]{subsection.12.4.1}{\376\377\000B\000e\000a\000t\000\040\000D\000e\000t\000e\000c\000t\000i\000o\000n\000\040\000a\000n\000d\000\040\000T\000r\000a\000c\000k\000i\000n\000g}{section.12.4}% 280
\BOOKMARK [2][-]{subsection.12.4.2}{\376\377\000T\000e\000m\000p\000o\000\040\000E\000s\000t\000i\000m\000a\000t\000i\000o\000n}{section.12.4}% 281
\BOOKMARK [2][-]{subsection.12.4.3}{\376\377\000R\000h\000y\000t\000h\000m\000\040\000P\000a\000t\000t\000e\000r\000n\000\040\000R\000e\000c\000o\000g\000n\000i\000t\000i\000o\000n}{section.12.4}% 282
\BOOKMARK [2][-]{subsection.12.4.4}{\376\377\000M\000e\000t\000e\000r\000\040\000a\000n\000d\000\040\000T\000i\000m\000e\000\040\000S\000i\000g\000n\000a\000t\000u\000r\000e\000\040\000D\000e\000t\000e\000c\000t\000i\000o\000n}{section.12.4}% 283
\BOOKMARK [1][-]{section.12.5}{\376\377\000M\000u\000s\000i\000c\000a\000l\000\040\000P\000e\000r\000f\000o\000r\000m\000a\000n\000c\000e\000\040\000A\000n\000a\000l\000y\000s\000i\000s}{chapter.12}% 284
\BOOKMARK [2][-]{subsection.12.5.1}{\376\377\000P\000e\000r\000f\000o\000r\000m\000a\000n\000c\000e\000\040\000T\000i\000m\000i\000n\000g\000\040\000a\000n\000d\000\040\000E\000x\000p\000r\000e\000s\000s\000i\000o\000n}{section.12.5}% 285
\BOOKMARK [2][-]{subsection.12.5.2}{\376\377\000D\000y\000n\000a\000m\000i\000c\000\040\000A\000n\000a\000l\000y\000s\000i\000s}{section.12.5}% 286
\BOOKMARK [2][-]{subsection.12.5.3}{\376\377\000A\000r\000t\000i\000c\000u\000l\000a\000t\000i\000o\000n\000\040\000a\000n\000d\000\040\000P\000h\000r\000a\000s\000i\000n\000g}{section.12.5}% 287
\BOOKMARK [2][-]{subsection.12.5.4}{\376\377\000C\000o\000m\000p\000a\000r\000a\000t\000i\000v\000e\000\040\000P\000e\000r\000f\000o\000r\000m\000a\000n\000c\000e\000\040\000A\000n\000a\000l\000y\000s\000i\000s}{section.12.5}% 288
\BOOKMARK [1][-]{section.12.6}{\376\377\000A\000l\000g\000o\000r\000i\000t\000h\000m\000i\000c\000\040\000C\000o\000m\000p\000o\000s\000i\000t\000i\000o\000n\000\040\000a\000n\000d\000\040\000G\000e\000n\000e\000r\000a\000t\000i\000v\000e\000\040\000M\000u\000s\000i\000c}{chapter.12}% 289
\BOOKMARK [2][-]{subsection.12.6.1}{\376\377\000M\000a\000r\000k\000o\000v\000\040\000M\000o\000d\000e\000l\000s\000\040\000f\000o\000r\000\040\000M\000u\000s\000i\000c\000\040\000G\000e\000n\000e\000r\000a\000t\000i\000o\000n}{section.12.6}% 290
\BOOKMARK [2][-]{subsection.12.6.2}{\376\377\000R\000e\000c\000u\000r\000r\000e\000n\000t\000\040\000N\000e\000u\000r\000a\000l\000\040\000N\000e\000t\000w\000o\000r\000k\000s\000\040\000f\000o\000r\000\040\000C\000o\000m\000p\000o\000s\000i\000t\000i\000o\000n}{section.12.6}% 291
\BOOKMARK [2][-]{subsection.12.6.3}{\376\377\000S\000t\000y\000l\000e\000\040\000T\000r\000a\000n\000s\000f\000e\000r\000\040\000a\000n\000d\000\040\000I\000m\000i\000t\000a\000t\000i\000o\000n}{section.12.6}% 292
\BOOKMARK [2][-]{subsection.12.6.4}{\376\377\000I\000n\000t\000e\000r\000a\000c\000t\000i\000v\000e\000\040\000M\000u\000s\000i\000c\000\040\000S\000y\000s\000t\000e\000m\000s}{section.12.6}% 293
\BOOKMARK [1][-]{section.12.7}{\376\377\000M\000u\000s\000i\000c\000\040\000I\000n\000f\000o\000r\000m\000a\000t\000i\000o\000n\000\040\000R\000e\000t\000r\000i\000e\000v\000a\000l}{chapter.12}% 294
\BOOKMARK [2][-]{subsection.12.7.1}{\376\377\000M\000u\000s\000i\000c\000\040\000S\000i\000m\000i\000l\000a\000r\000i\000t\000y\000\040\000a\000n\000d\000\040\000R\000e\000c\000o\000m\000m\000e\000n\000d\000a\000t\000i\000o\000n}{section.12.7}% 295
\BOOKMARK [2][-]{subsection.12.7.2}{\376\377\000G\000e\000n\000r\000e\000\040\000C\000l\000a\000s\000s\000i\000f\000i\000c\000a\000t\000i\000o\000n}{section.12.7}% 296
\BOOKMARK [2][-]{subsection.12.7.3}{\376\377\000M\000o\000o\000d\000\040\000a\000n\000d\000\040\000E\000m\000o\000t\000i\000o\000n\000\040\000R\000e\000c\000o\000g\000n\000i\000t\000i\000o\000n}{section.12.7}% 297
\BOOKMARK [2][-]{subsection.12.7.4}{\376\377\000M\000u\000s\000i\000c\000\040\000S\000t\000r\000u\000c\000t\000u\000r\000e\000\040\000A\000n\000a\000l\000y\000s\000i\000s}{section.12.7}% 298
\BOOKMARK [1][-]{section.12.8}{\376\377\000A\000u\000d\000i\000o\000\040\000P\000r\000o\000c\000e\000s\000s\000i\000n\000g\000\040\000a\000n\000d\000\040\000E\000n\000h\000a\000n\000c\000e\000m\000e\000n\000t}{chapter.12}% 299
\BOOKMARK [2][-]{subsection.12.8.1}{\376\377\000N\000o\000i\000s\000e\000\040\000R\000e\000d\000u\000c\000t\000i\000o\000n}{section.12.8}% 300
\BOOKMARK [2][-]{subsection.12.8.2}{\376\377\000A\000u\000d\000i\000o\000\040\000R\000e\000s\000t\000o\000r\000a\000t\000i\000o\000n}{section.12.8}% 301
\BOOKMARK [2][-]{subsection.12.8.3}{\376\377\000T\000i\000m\000e\000-\000S\000c\000a\000l\000e\000\040\000M\000o\000d\000i\000f\000i\000c\000a\000t\000i\000o\000n}{section.12.8}% 302
\BOOKMARK [2][-]{subsection.12.8.4}{\376\377\000P\000i\000t\000c\000h\000\040\000S\000h\000i\000f\000t\000i\000n\000g}{section.12.8}% 303
\BOOKMARK [1][-]{section.12.9}{\376\377\000C\000o\000n\000c\000l\000u\000s\000i\000o\000n}{chapter.12}% 304
\BOOKMARK [0][-]{chapter.13}{\376\377\000T\000i\000m\000e\000\040\000S\000e\000r\000i\000e\000s\000\040\000A\000p\000p\000l\000i\000c\000a\000t\000i\000o\000n\000s\000\040\000i\000n\000\040\000D\000i\000g\000i\000t\000a\000l\000\040\000H\000u\000m\000a\000n\000i\000t\000i\000e\000s}{}% 305
\BOOKMARK [1][-]{section.13.1}{\376\377\000I\000n\000t\000r\000o\000d\000u\000c\000t\000i\000o\000n}{chapter.13}% 306
\BOOKMARK [1][-]{section.13.2}{\376\377\000T\000i\000m\000e\000\040\000S\000e\000r\000i\000e\000s\000\040\000D\000a\000t\000a\000\040\000i\000n\000\040\000D\000i\000g\000i\000t\000a\000l\000\040\000H\000u\000m\000a\000n\000i\000t\000i\000e\000s}{chapter.13}% 307
\BOOKMARK [2][-]{subsection.13.2.1}{\376\377\000C\000h\000a\000r\000a\000c\000t\000e\000r\000i\000s\000t\000i\000c\000s\000\040\000o\000f\000\040\000H\000u\000m\000a\000n\000i\000t\000i\000e\000s\000\040\000T\000i\000m\000e\000\040\000S\000e\000r\000i\000e\000s}{section.13.2}% 308
\BOOKMARK [2][-]{subsection.13.2.2}{\376\377\000T\000y\000p\000e\000s\000\040\000o\000f\000\040\000H\000i\000s\000t\000o\000r\000i\000c\000a\000l\000\040\000a\000n\000d\000\040\000C\000u\000l\000t\000u\000r\000a\000l\000\040\000D\000a\000t\000a}{section.13.2}% 309
\BOOKMARK [2][-]{subsection.13.2.3}{\376\377\000D\000a\000t\000a\000\040\000C\000o\000l\000l\000e\000c\000t\000i\000o\000n\000\040\000a\000n\000d\000\040\000S\000o\000u\000r\000c\000e\000s}{section.13.2}% 310
\BOOKMARK [2][-]{subsection.13.2.4}{\376\377\000C\000h\000a\000l\000l\000e\000n\000g\000e\000s\000\040\000i\000n\000\040\000H\000u\000m\000a\000n\000i\000t\000i\000e\000s\000\040\000D\000a\000t\000a}{section.13.2}% 311
\BOOKMARK [1][-]{section.13.3}{\376\377\000L\000i\000n\000g\000u\000i\000s\000t\000i\000c\000\040\000E\000v\000o\000l\000u\000t\000i\000o\000n\000\040\000a\000n\000d\000\040\000L\000a\000n\000g\000u\000a\000g\000e\000\040\000C\000h\000a\000n\000g\000e}{chapter.13}% 312
\BOOKMARK [2][-]{subsection.13.3.1}{\376\377\000W\000o\000r\000d\000\040\000F\000r\000e\000q\000u\000e\000n\000c\000y\000\040\000A\000n\000a\000l\000y\000s\000i\000s\000\040\000O\000v\000e\000r\000\040\000T\000i\000m\000e}{section.13.3}% 313
\BOOKMARK [2][-]{subsection.13.3.2}{\376\377\000S\000e\000m\000a\000n\000t\000i\000c\000\040\000C\000h\000a\000n\000g\000e\000\040\000D\000e\000t\000e\000c\000t\000i\000o\000n}{section.13.3}% 314
\BOOKMARK [2][-]{subsection.13.3.3}{\376\377\000G\000o\000o\000g\000l\000e\000\040\000B\000o\000o\000k\000s\000\040\000N\000g\000r\000a\000m\000\040\000V\000i\000e\000w\000e\000r}{section.13.3}% 315
\BOOKMARK [2][-]{subsection.13.3.4}{\376\377\000T\000i\000m\000e\000-\000A\000w\000a\000r\000e\000\040\000W\000o\000r\000d\000\040\000E\000m\000b\000e\000d\000d\000i\000n\000g\000s}{section.13.3}% 316
\BOOKMARK [1][-]{section.13.4}{\376\377\000C\000u\000l\000t\000u\000r\000a\000l\000\040\000T\000r\000e\000n\000d\000s\000\040\000a\000n\000d\000\040\000S\000e\000n\000t\000i\000m\000e\000n\000t\000\040\000A\000n\000a\000l\000y\000s\000i\000s}{chapter.13}% 317
\BOOKMARK [2][-]{subsection.13.4.1}{\376\377\000S\000e\000n\000t\000i\000m\000e\000n\000t\000\040\000A\000n\000a\000l\000y\000s\000i\000s\000\040\000O\000v\000e\000r\000\040\000T\000i\000m\000e}{section.13.4}% 318
\BOOKMARK [2][-]{subsection.13.4.2}{\376\377\000C\000u\000l\000t\000u\000r\000a\000l\000\040\000M\000o\000v\000e\000m\000e\000n\000t\000\040\000T\000r\000a\000c\000k\000i\000n\000g}{section.13.4}% 319
\BOOKMARK [2][-]{subsection.13.4.3}{\376\377\000P\000u\000b\000l\000i\000c\000\040\000O\000p\000i\000n\000i\000o\000n\000\040\000E\000v\000o\000l\000u\000t\000i\000o\000n}{section.13.4}% 320
\BOOKMARK [2][-]{subsection.13.4.4}{\376\377\000M\000e\000d\000i\000a\000\040\000N\000a\000r\000r\000a\000t\000i\000v\000e\000\040\000A\000n\000a\000l\000y\000s\000i\000s}{section.13.4}% 321
\BOOKMARK [1][-]{section.13.5}{\376\377\000H\000i\000s\000t\000o\000r\000i\000c\000a\000l\000\040\000E\000v\000e\000n\000t\000\040\000A\000n\000a\000l\000y\000s\000i\000s}{chapter.13}% 322
\BOOKMARK [2][-]{subsection.13.5.1}{\376\377\000E\000v\000e\000n\000t\000\040\000D\000e\000t\000e\000c\000t\000i\000o\000n\000\040\000i\000n\000\040\000H\000i\000s\000t\000o\000r\000i\000c\000a\000l\000\040\000T\000e\000x\000t\000s}{section.13.5}% 323
\BOOKMARK [2][-]{subsection.13.5.2}{\376\377\000T\000e\000m\000p\000o\000r\000a\000l\000\040\000P\000a\000t\000t\000e\000r\000n\000s\000\040\000i\000n\000\040\000H\000i\000s\000t\000o\000r\000i\000c\000a\000l\000\040\000E\000v\000e\000n\000t\000s}{section.13.5}% 324
\BOOKMARK [2][-]{subsection.13.5.3}{\376\377\000C\000a\000u\000s\000a\000l\000\040\000A\000n\000a\000l\000y\000s\000i\000s\000\040\000i\000n\000\040\000H\000i\000s\000t\000o\000r\000y}{section.13.5}% 325
\BOOKMARK [2][-]{subsection.13.5.4}{\376\377\000P\000e\000r\000i\000o\000d\000i\000z\000a\000t\000i\000o\000n\000\040\000a\000n\000d\000\040\000E\000r\000a\000\040\000I\000d\000e\000n\000t\000i\000f\000i\000c\000a\000t\000i\000o\000n}{section.13.5}% 326
\BOOKMARK [1][-]{section.13.6}{\376\377\000T\000e\000x\000t\000\040\000A\000n\000a\000l\000y\000s\000i\000s\000\040\000a\000n\000d\000\040\000L\000i\000t\000e\000r\000a\000r\000y\000\040\000S\000t\000u\000d\000i\000e\000s}{chapter.13}% 327
\BOOKMARK [2][-]{subsection.13.6.1}{\376\377\000S\000t\000y\000l\000i\000s\000t\000i\000c\000\040\000E\000v\000o\000l\000u\000t\000i\000o\000n}{section.13.6}% 328
\BOOKMARK [2][-]{subsection.13.6.2}{\376\377\000A\000u\000t\000h\000o\000r\000\040\000A\000t\000t\000r\000i\000b\000u\000t\000i\000o\000n\000\040\000O\000v\000e\000r\000\040\000T\000i\000m\000e}{section.13.6}% 329
\BOOKMARK [2][-]{subsection.13.6.3}{\376\377\000G\000e\000n\000r\000e\000\040\000D\000e\000v\000e\000l\000o\000p\000m\000e\000n\000t}{section.13.6}% 330
\BOOKMARK [2][-]{subsection.13.6.4}{\376\377\000L\000i\000t\000e\000r\000a\000r\000y\000\040\000M\000o\000v\000e\000m\000e\000n\000t\000\040\000A\000n\000a\000l\000y\000s\000i\000s}{section.13.6}% 331
\BOOKMARK [1][-]{section.13.7}{\376\377\000A\000r\000c\000h\000i\000v\000e\000s\000\040\000a\000n\000d\000\040\000H\000i\000s\000t\000o\000r\000i\000c\000a\000l\000\040\000C\000o\000l\000l\000e\000c\000t\000i\000o\000n\000s}{chapter.13}% 332
\BOOKMARK [2][-]{subsection.13.7.1}{\376\377\000C\000h\000r\000o\000n\000i\000c\000l\000i\000n\000g\000\040\000A\000m\000e\000r\000i\000c\000a\000\040\000a\000n\000d\000\040\000N\000e\000w\000s\000p\000a\000p\000e\000r\000\040\000A\000r\000c\000h\000i\000v\000e\000s}{section.13.7}% 333
\BOOKMARK [2][-]{subsection.13.7.2}{\376\377\000B\000i\000a\000s\000\040\000M\000e\000a\000s\000u\000r\000e\000m\000e\000n\000t\000\040\000i\000n\000\040\000D\000i\000g\000i\000t\000i\000z\000e\000d\000\040\000C\000o\000l\000l\000e\000c\000t\000i\000o\000n\000s}{section.13.7}% 334
\BOOKMARK [2][-]{subsection.13.7.3}{\376\377\000R\000e\000p\000r\000e\000s\000e\000n\000t\000a\000t\000i\000v\000e\000n\000e\000s\000s\000\040\000A\000n\000a\000l\000y\000s\000i\000s}{section.13.7}% 335
\BOOKMARK [2][-]{subsection.13.7.4}{\376\377\000T\000e\000m\000p\000o\000r\000a\000l\000\040\000C\000o\000v\000e\000r\000a\000g\000e\000\040\000A\000s\000s\000e\000s\000s\000m\000e\000n\000t}{section.13.7}% 336
\BOOKMARK [1][-]{section.13.8}{\376\377\000V\000i\000s\000u\000a\000l\000i\000z\000a\000t\000i\000o\000n\000\040\000a\000n\000d\000\040\000C\000o\000m\000m\000u\000n\000i\000c\000a\000t\000i\000o\000n}{chapter.13}% 337
\BOOKMARK [2][-]{subsection.13.8.1}{\376\377\000T\000i\000m\000e\000\040\000S\000e\000r\000i\000e\000s\000\040\000V\000i\000s\000u\000a\000l\000i\000z\000a\000t\000i\000o\000n\000\040\000f\000o\000r\000\040\000H\000u\000m\000a\000n\000i\000t\000i\000e\000s}{section.13.8}% 338
\BOOKMARK [2][-]{subsection.13.8.2}{\376\377\000N\000a\000r\000r\000a\000t\000i\000v\000e\000\040\000C\000o\000n\000s\000t\000r\000u\000c\000t\000i\000o\000n\000\040\000f\000r\000o\000m\000\040\000D\000a\000t\000a}{section.13.8}% 339
\BOOKMARK [2][-]{subsection.13.8.3}{\376\377\000I\000n\000t\000e\000r\000a\000c\000t\000i\000v\000e\000\040\000T\000i\000m\000e\000l\000i\000n\000e\000s}{section.13.8}% 340
\BOOKMARK [2][-]{subsection.13.8.4}{\376\377\000C\000o\000m\000m\000u\000n\000i\000c\000a\000t\000i\000n\000g\000\040\000H\000i\000s\000t\000o\000r\000i\000c\000a\000l\000\040\000I\000n\000s\000i\000g\000h\000t\000s}{section.13.8}% 341
\BOOKMARK [1][-]{section.13.9}{\376\377\000C\000o\000n\000c\000l\000u\000s\000i\000o\000n}{chapter.13}% 342
\BOOKMARK [0][-]{chapter.14}{\376\377\000T\000i\000m\000e\000\040\000S\000e\000r\000i\000e\000s\000\040\000D\000e\000p\000l\000o\000y\000m\000e\000n\000t\000\040\000a\000n\000d\000\040\000I\000n\000f\000r\000a\000s\000t\000r\000u\000c\000t\000u\000r\000e}{}% 343
\BOOKMARK [1][-]{section.14.1}{\376\377\000I\000n\000t\000r\000o\000d\000u\000c\000t\000i\000o\000n}{chapter.14}% 344
\BOOKMARK [1][-]{section.14.2}{\376\377\000T\000i\000m\000e\000\040\000S\000e\000r\000i\000e\000s\000\040\000D\000a\000t\000a\000b\000a\000s\000e\000s}{chapter.14}% 345
\BOOKMARK [2][-]{subsection.14.2.1}{\376\377\000C\000h\000a\000r\000a\000c\000t\000e\000r\000i\000s\000t\000i\000c\000s\000\040\000o\000f\000\040\000T\000i\000m\000e\000\040\000S\000e\000r\000i\000e\000s\000\040\000D\000a\000t\000a\000\040\000S\000t\000o\000r\000a\000g\000e}{section.14.2}% 346
\BOOKMARK [2][-]{subsection.14.2.2}{\376\377\000P\000o\000p\000u\000l\000a\000r\000\040\000T\000i\000m\000e\000\040\000S\000e\000r\000i\000e\000s\000\040\000D\000a\000t\000a\000b\000a\000s\000e\000s}{section.14.2}% 347
\BOOKMARK [2][-]{subsection.14.2.3}{\376\377\000D\000a\000t\000a\000\040\000M\000o\000d\000e\000l\000i\000n\000g\000\040\000f\000o\000r\000\040\000T\000i\000m\000e\000\040\000S\000e\000r\000i\000e\000s}{section.14.2}% 348
\BOOKMARK [2][-]{subsection.14.2.4}{\376\377\000Q\000u\000e\000r\000y\000\040\000O\000p\000t\000i\000m\000i\000z\000a\000t\000i\000o\000n}{section.14.2}% 349
\BOOKMARK [1][-]{section.14.3}{\376\377\000S\000t\000r\000e\000a\000m\000i\000n\000g\000\040\000T\000i\000m\000e\000\040\000S\000e\000r\000i\000e\000s\000\040\000P\000r\000o\000c\000e\000s\000s\000i\000n\000g}{chapter.14}% 350
\BOOKMARK [2][-]{subsection.14.3.1}{\376\377\000R\000e\000a\000l\000-\000T\000i\000m\000e\000\040\000D\000a\000t\000a\000\040\000I\000n\000g\000e\000s\000t\000i\000o\000n}{section.14.3}% 351
\BOOKMARK [2][-]{subsection.14.3.2}{\376\377\000A\000p\000a\000c\000h\000e\000\040\000K\000a\000f\000k\000a\000\040\000f\000o\000r\000\040\000T\000i\000m\000e\000\040\000S\000e\000r\000i\000e\000s}{section.14.3}% 352
\BOOKMARK [2][-]{subsection.14.3.3}{\376\377\000A\000p\000a\000c\000h\000e\000\040\000F\000l\000i\000n\000k\000\040\000f\000o\000r\000\040\000S\000t\000r\000e\000a\000m\000\040\000P\000r\000o\000c\000e\000s\000s\000i\000n\000g}{section.14.3}% 353
\BOOKMARK [2][-]{subsection.14.3.4}{\376\377\000E\000v\000e\000n\000t\000\040\000T\000i\000m\000e\000\040\000a\000n\000d\000\040\000W\000a\000t\000e\000r\000m\000a\000r\000k\000s}{section.14.3}% 354
\BOOKMARK [1][-]{section.14.4}{\376\377\000M\000o\000d\000e\000l\000\040\000D\000e\000p\000l\000o\000y\000m\000e\000n\000t\000\040\000S\000t\000r\000a\000t\000e\000g\000i\000e\000s}{chapter.14}% 355
\BOOKMARK [2][-]{subsection.14.4.1}{\376\377\000C\000o\000n\000t\000a\000i\000n\000e\000r\000i\000z\000a\000t\000i\000o\000n\000\040\000w\000i\000t\000h\000\040\000D\000o\000c\000k\000e\000r}{section.14.4}% 356
\BOOKMARK [2][-]{subsection.14.4.2}{\376\377\000M\000o\000d\000e\000l\000\040\000S\000e\000r\000v\000i\000n\000g\000\040\000A\000r\000c\000h\000i\000t\000e\000c\000t\000u\000r\000e\000s}{section.14.4}% 357
\BOOKMARK [2][-]{subsection.14.4.3}{\376\377\000R\000E\000S\000T\000f\000u\000l\000\040\000A\000P\000I\000s\000\040\000a\000n\000d\000\040\000H\000T\000T\000P\000S\000\040\000E\000n\000d\000p\000o\000i\000n\000t\000s}{section.14.4}% 358
\BOOKMARK [2][-]{subsection.14.4.4}{\376\377\000M\000i\000c\000r\000o\000s\000e\000r\000v\000i\000c\000e\000s\000\040\000f\000o\000r\000\040\000T\000i\000m\000e\000\040\000S\000e\000r\000i\000e\000s}{section.14.4}% 359
\BOOKMARK [1][-]{section.14.5}{\376\377\000S\000c\000a\000l\000a\000b\000i\000l\000i\000t\000y\000\040\000a\000n\000d\000\040\000P\000e\000r\000f\000o\000r\000m\000a\000n\000c\000e}{chapter.14}% 360
\BOOKMARK [2][-]{subsection.14.5.1}{\376\377\000H\000o\000r\000i\000z\000o\000n\000t\000a\000l\000\040\000S\000c\000a\000l\000i\000n\000g}{section.14.5}% 361
\BOOKMARK [2][-]{subsection.14.5.2}{\376\377\000L\000o\000a\000d\000\040\000B\000a\000l\000a\000n\000c\000i\000n\000g}{section.14.5}% 362
\BOOKMARK [2][-]{subsection.14.5.3}{\376\377\000C\000a\000c\000h\000i\000n\000g\000\040\000S\000t\000r\000a\000t\000e\000g\000i\000e\000s}{section.14.5}% 363
\BOOKMARK [2][-]{subsection.14.5.4}{\376\377\000P\000e\000r\000f\000o\000r\000m\000a\000n\000c\000e\000\040\000O\000p\000t\000i\000m\000i\000z\000a\000t\000i\000o\000n}{section.14.5}% 364
\BOOKMARK [1][-]{section.14.6}{\376\377\000M\000o\000n\000i\000t\000o\000r\000i\000n\000g\000\040\000a\000n\000d\000\040\000O\000b\000s\000e\000r\000v\000a\000b\000i\000l\000i\000t\000y}{chapter.14}% 365
\BOOKMARK [2][-]{subsection.14.6.1}{\376\377\000M\000o\000d\000e\000l\000\040\000P\000e\000r\000f\000o\000r\000m\000a\000n\000c\000e\000\040\000M\000o\000n\000i\000t\000o\000r\000i\000n\000g}{section.14.6}% 366
\BOOKMARK [2][-]{subsection.14.6.2}{\376\377\000S\000y\000s\000t\000e\000m\000\040\000H\000e\000a\000l\000t\000h\000\040\000M\000o\000n\000i\000t\000o\000r\000i\000n\000g}{section.14.6}% 367
\BOOKMARK [2][-]{subsection.14.6.3}{\376\377\000A\000l\000e\000r\000t\000i\000n\000g\000\040\000a\000n\000d\000\040\000A\000n\000o\000m\000a\000l\000y\000\040\000D\000e\000t\000e\000c\000t\000i\000o\000n}{section.14.6}% 368
\BOOKMARK [2][-]{subsection.14.6.4}{\376\377\000L\000o\000g\000g\000i\000n\000g\000\040\000a\000n\000d\000\040\000D\000e\000b\000u\000g\000g\000i\000n\000g}{section.14.6}% 369
\BOOKMARK [1][-]{section.14.7}{\376\377\000R\000e\000l\000i\000a\000b\000i\000l\000i\000t\000y\000\040\000a\000n\000d\000\040\000F\000a\000u\000l\000t\000\040\000T\000o\000l\000e\000r\000a\000n\000c\000e}{chapter.14}% 370
\BOOKMARK [2][-]{subsection.14.7.1}{\376\377\000H\000i\000g\000h\000\040\000A\000v\000a\000i\000l\000a\000b\000i\000l\000i\000t\000y\000\040\000A\000r\000c\000h\000i\000t\000e\000c\000t\000u\000r\000e\000s}{section.14.7}% 371
\BOOKMARK [2][-]{subsection.14.7.2}{\376\377\000D\000a\000t\000a\000\040\000R\000e\000p\000l\000i\000c\000a\000t\000i\000o\000n\000\040\000a\000n\000d\000\040\000B\000a\000c\000k\000u\000p}{section.14.7}% 372
\BOOKMARK [2][-]{subsection.14.7.3}{\376\377\000F\000a\000i\000l\000u\000r\000e\000\040\000R\000e\000c\000o\000v\000e\000r\000y}{section.14.7}% 373
\BOOKMARK [2][-]{subsection.14.7.4}{\376\377\000D\000i\000s\000a\000s\000t\000e\000r\000\040\000R\000e\000c\000o\000v\000e\000r\000y\000\040\000P\000l\000a\000n\000n\000i\000n\000g}{section.14.7}% 374
\BOOKMARK [1][-]{section.14.8}{\376\377\000S\000e\000c\000u\000r\000i\000t\000y\000\040\000a\000n\000d\000\040\000C\000o\000m\000p\000l\000i\000a\000n\000c\000e}{chapter.14}% 375
\BOOKMARK [2][-]{subsection.14.8.1}{\376\377\000D\000a\000t\000a\000\040\000S\000e\000c\000u\000r\000i\000t\000y\000\040\000i\000n\000\040\000T\000i\000m\000e\000\040\000S\000e\000r\000i\000e\000s\000\040\000S\000y\000s\000t\000e\000m\000s}{section.14.8}% 376
\BOOKMARK [2][-]{subsection.14.8.2}{\376\377\000A\000P\000I\000\040\000S\000e\000c\000u\000r\000i\000t\000y\000\040\000a\000n\000d\000\040\000A\000u\000t\000h\000e\000n\000t\000i\000c\000a\000t\000i\000o\000n}{section.14.8}% 377
\BOOKMARK [2][-]{subsection.14.8.3}{\376\377\000C\000o\000m\000p\000l\000i\000a\000n\000c\000e\000\040\000R\000e\000q\000u\000i\000r\000e\000m\000e\000n\000t\000s}{section.14.8}% 378
\BOOKMARK [2][-]{subsection.14.8.4}{\376\377\000P\000r\000i\000v\000a\000c\000y\000\040\000C\000o\000n\000s\000i\000d\000e\000r\000a\000t\000i\000o\000n\000s}{section.14.8}% 379
\BOOKMARK [1][-]{section.14.9}{\376\377\000C\000o\000n\000c\000l\000u\000s\000i\000o\000n}{chapter.14}% 380
\BOOKMARK [0][-]{chapter.15}{\376\377\000C\000a\000u\000s\000a\000l\000\040\000I\000n\000f\000e\000r\000e\000n\000c\000e\000\040\000i\000n\000\040\000T\000i\000m\000e\000\040\000S\000e\000r\000i\000e\000s}{}% 381
\BOOKMARK [1][-]{section.15.1}{\376\377\000I\000n\000t\000r\000o\000d\000u\000c\000t\000i\000o\000n}{chapter.15}% 382
\BOOKMARK [1][-]{section.15.2}{\376\377\000G\000r\000a\000n\000g\000e\000r\000\040\000C\000a\000u\000s\000a\000l\000i\000t\000y}{chapter.15}% 383
\BOOKMARK [2][-]{subsection.15.2.1}{\376\377\000D\000e\000f\000i\000n\000i\000t\000i\000o\000n\000\040\000a\000n\000d\000\040\000I\000n\000t\000e\000r\000p\000r\000e\000t\000a\000t\000i\000o\000n}{section.15.2}% 384
\BOOKMARK [2][-]{subsection.15.2.2}{\376\377\000T\000e\000s\000t\000i\000n\000g\000\040\000P\000r\000o\000c\000e\000d\000u\000r\000e\000s}{section.15.2}% 385
\BOOKMARK [2][-]{subsection.15.2.3}{\376\377\000L\000i\000m\000i\000t\000a\000t\000i\000o\000n\000s\000\040\000a\000n\000d\000\040\000C\000r\000i\000t\000i\000c\000i\000s\000m\000s}{section.15.2}% 386
\BOOKMARK [2][-]{subsection.15.2.4}{\376\377\000A\000p\000p\000l\000i\000c\000a\000t\000i\000o\000n\000s\000\040\000i\000n\000\040\000E\000c\000o\000n\000o\000m\000i\000c\000s}{section.15.2}% 387
\BOOKMARK [1][-]{section.15.3}{\376\377\000V\000e\000c\000t\000o\000r\000\040\000A\000u\000t\000o\000r\000e\000g\000r\000e\000s\000s\000i\000o\000n\000\040\000a\000n\000d\000\040\000S\000t\000r\000u\000c\000t\000u\000r\000a\000l\000\040\000V\000A\000R}{chapter.15}% 388
\BOOKMARK [2][-]{subsection.15.3.1}{\376\377\000V\000A\000R\000\040\000M\000o\000d\000e\000l\000s\000\040\000f\000o\000r\000\040\000C\000a\000u\000s\000a\000l\000\040\000A\000n\000a\000l\000y\000s\000i\000s}{section.15.3}% 389
\BOOKMARK [2][-]{subsection.15.3.2}{\376\377\000S\000t\000r\000u\000c\000t\000u\000r\000a\000l\000\040\000R\000e\000s\000t\000r\000i\000c\000t\000i\000o\000n\000s}{section.15.3}% 390
\BOOKMARK [2][-]{subsection.15.3.3}{\376\377\000I\000m\000p\000u\000l\000s\000e\000\040\000R\000e\000s\000p\000o\000n\000s\000e\000\040\000F\000u\000n\000c\000t\000i\000o\000n\000s}{section.15.3}% 391
\BOOKMARK [2][-]{subsection.15.3.4}{\376\377\000F\000o\000r\000e\000c\000a\000s\000t\000\040\000E\000r\000r\000o\000r\000\040\000V\000a\000r\000i\000a\000n\000c\000e\000\040\000D\000e\000c\000o\000m\000p\000o\000s\000i\000t\000i\000o\000n}{section.15.3}% 392
\BOOKMARK [1][-]{section.15.4}{\376\377\000L\000o\000c\000a\000l\000\040\000P\000r\000o\000j\000e\000c\000t\000i\000o\000n\000s}{chapter.15}% 393
\BOOKMARK [2][-]{subsection.15.4.1}{\376\377\000F\000l\000e\000x\000i\000b\000l\000e\000\040\000A\000l\000t\000e\000r\000n\000a\000t\000i\000v\000e\000\040\000t\000o\000\040\000V\000A\000R}{section.15.4}% 394
\BOOKMARK [2][-]{subsection.15.4.2}{\376\377\000E\000s\000t\000i\000m\000a\000t\000i\000n\000g\000\040\000I\000m\000p\000u\000l\000s\000e\000\040\000R\000e\000s\000p\000o\000n\000s\000e\000s}{section.15.4}% 395
\BOOKMARK [2][-]{subsection.15.4.3}{\376\377\000A\000d\000v\000a\000n\000t\000a\000g\000e\000s\000\040\000a\000n\000d\000\040\000A\000p\000p\000l\000i\000c\000a\000t\000i\000o\000n\000s}{section.15.4}% 396
\BOOKMARK [1][-]{section.15.5}{\376\377\000D\000i\000f\000f\000e\000r\000e\000n\000c\000e\000-\000i\000n\000-\000D\000i\000f\000f\000e\000r\000e\000n\000c\000e\000s}{chapter.15}% 397
\BOOKMARK [2][-]{subsection.15.5.1}{\376\377\000B\000a\000s\000i\000c\000\040\000F\000r\000a\000m\000e\000w\000o\000r\000k}{section.15.5}% 398
\BOOKMARK [2][-]{subsection.15.5.2}{\376\377\000T\000i\000m\000e\000\040\000S\000e\000r\000i\000e\000s\000\040\000E\000x\000t\000e\000n\000s\000i\000o\000n\000s}{section.15.5}% 399
\BOOKMARK [2][-]{subsection.15.5.3}{\376\377\000A\000p\000p\000l\000i\000c\000a\000t\000i\000o\000n\000s\000\040\000i\000n\000\040\000P\000o\000l\000i\000c\000y\000\040\000E\000v\000a\000l\000u\000a\000t\000i\000o\000n}{section.15.5}% 400
\BOOKMARK [1][-]{section.15.6}{\376\377\000R\000e\000g\000r\000e\000s\000s\000i\000o\000n\000\040\000D\000i\000s\000c\000o\000n\000t\000i\000n\000u\000i\000t\000y\000\040\000D\000e\000s\000i\000g\000n}{chapter.15}% 401
\BOOKMARK [2][-]{subsection.15.6.1}{\376\377\000S\000h\000a\000r\000p\000\040\000a\000n\000d\000\040\000F\000u\000z\000z\000y\000\040\000R\000D\000D}{section.15.6}% 402
\BOOKMARK [2][-]{subsection.15.6.2}{\376\377\000T\000i\000m\000e\000\040\000S\000e\000r\000i\000e\000s\000\040\000C\000o\000n\000s\000i\000d\000e\000r\000a\000t\000i\000o\000n\000s}{section.15.6}% 403
\BOOKMARK [2][-]{subsection.15.6.3}{\376\377\000A\000p\000p\000l\000i\000c\000a\000t\000i\000o\000n\000s}{section.15.6}% 404
\BOOKMARK [1][-]{section.15.7}{\376\377\000I\000n\000s\000t\000r\000u\000m\000e\000n\000t\000a\000l\000\040\000V\000a\000r\000i\000a\000b\000l\000e\000s}{chapter.15}% 405
\BOOKMARK [2][-]{subsection.15.7.1}{\376\377\000A\000d\000d\000r\000e\000s\000s\000i\000n\000g\000\040\000E\000n\000d\000o\000g\000e\000n\000e\000i\000t\000y}{section.15.7}% 406
\BOOKMARK [2][-]{subsection.15.7.2}{\376\377\000T\000i\000m\000e\000\040\000S\000e\000r\000i\000e\000s\000\040\000A\000p\000p\000l\000i\000c\000a\000t\000i\000o\000n\000s}{section.15.7}% 407
\BOOKMARK [2][-]{subsection.15.7.3}{\376\377\000W\000e\000a\000k\000\040\000I\000n\000s\000t\000r\000u\000m\000e\000n\000t\000s\000\040\000P\000r\000o\000b\000l\000e\000m}{section.15.7}% 408
\BOOKMARK [1][-]{section.15.8}{\376\377\000S\000y\000n\000t\000h\000e\000t\000i\000c\000\040\000C\000o\000n\000t\000r\000o\000l\000\040\000M\000e\000t\000h\000o\000d}{chapter.15}% 409
\BOOKMARK [2][-]{subsection.15.8.1}{\376\377\000C\000o\000n\000s\000t\000r\000u\000c\000t\000i\000n\000g\000\040\000C\000o\000u\000n\000t\000e\000r\000f\000a\000c\000t\000u\000a\000l\000s}{section.15.8}% 410
\BOOKMARK [2][-]{subsection.15.8.2}{\376\377\000A\000p\000p\000l\000i\000c\000a\000t\000i\000o\000n\000s\000\040\000i\000n\000\040\000P\000o\000l\000i\000c\000y\000\040\000A\000n\000a\000l\000y\000s\000i\000s}{section.15.8}% 411
\BOOKMARK [1][-]{section.15.9}{\376\377\000C\000o\000n\000c\000l\000u\000s\000i\000o\000n}{chapter.15}% 412
\BOOKMARK [0][-]{chapter.16}{\376\377\000M\000o\000d\000e\000r\000n\000\040\000F\000o\000r\000e\000c\000a\000s\000t\000i\000n\000g\000\040\000F\000r\000a\000m\000e\000w\000o\000r\000k\000s\000:\000\040\000T\000h\000e\000\040\000N\000i\000x\000t\000l\000a\000\040\000S\000u\000i\000t\000e}{}% 413
\BOOKMARK [1][-]{section.16.1}{\376\377\000I\000n\000t\000r\000o\000d\000u\000c\000t\000i\000o\000n}{chapter.16}% 414
\BOOKMARK [1][-]{section.16.2}{\376\377\000T\000h\000e\000\040\000N\000i\000x\000t\000l\000a\000\040\000E\000c\000o\000s\000y\000s\000t\000e\000m}{chapter.16}% 415
\BOOKMARK [2][-]{subsection.16.2.1}{\376\377\000I\000n\000t\000r\000o\000d\000u\000c\000t\000i\000o\000n\000\040\000t\000o\000\040\000t\000h\000e\000\040\000N\000i\000x\000t\000l\000a\000\040\000E\000c\000o\000s\000y\000s\000t\000e\000m}{section.16.2}% 416
\BOOKMARK [2][-]{subsection.16.2.2}{\376\377\000S\000t\000a\000t\000s\000F\000o\000r\000e\000c\000a\000s\000t\000:\000\040\000S\000t\000a\000t\000i\000s\000t\000i\000c\000a\000l\000\040\000F\000o\000r\000e\000c\000a\000s\000t\000i\000n\000g}{section.16.2}% 417
\BOOKMARK [2][-]{subsection.16.2.3}{\376\377\000M\000L\000F\000o\000r\000e\000c\000a\000s\000t\000:\000\040\000M\000a\000c\000h\000i\000n\000e\000\040\000L\000e\000a\000r\000n\000i\000n\000g\000\040\000f\000o\000r\000\040\000T\000i\000m\000e\000\040\000S\000e\000r\000i\000e\000s}{section.16.2}% 418
\BOOKMARK [2][-]{subsection.16.2.4}{\376\377\000N\000e\000u\000r\000a\000l\000F\000o\000r\000e\000c\000a\000s\000t\000:\000\040\000D\000e\000e\000p\000\040\000L\000e\000a\000r\000n\000i\000n\000g\000\040\000f\000o\000r\000\040\000T\000i\000m\000e\000\040\000S\000e\000r\000i\000e\000s}{section.16.2}% 419
\BOOKMARK [2][-]{subsection.16.2.5}{\376\377\000H\000i\000e\000r\000a\000r\000c\000h\000i\000c\000a\000l\000F\000o\000r\000e\000c\000a\000s\000t\000:\000\040\000C\000o\000h\000e\000r\000e\000n\000t\000\040\000H\000i\000e\000r\000a\000r\000c\000h\000i\000c\000a\000l\000\040\000F\000o\000r\000e\000c\000a\000s\000t\000i\000n\000g}{section.16.2}% 420
\BOOKMARK [2][-]{subsection.16.2.6}{\376\377\000P\000a\000r\000a\000l\000l\000e\000l\000\040\000C\000o\000m\000p\000u\000t\000i\000n\000g\000\040\000a\000n\000d\000\040\000S\000c\000a\000l\000a\000b\000i\000l\000i\000t\000y}{section.16.2}% 421
\BOOKMARK [2][-]{subsection.16.2.7}{\376\377\000C\000h\000o\000o\000s\000i\000n\000g\000\040\000t\000h\000e\000\040\000R\000i\000g\000h\000t\000\040\000T\000o\000o\000l}{section.16.2}% 422
\BOOKMARK [1][-]{section.16.3}{\376\377\000C\000o\000n\000c\000l\000u\000s\000i\000o\000n}{chapter.16}% 423
\BOOKMARK [0][-]{chapter.17}{\376\377\000T\000i\000m\000e\000\040\000S\000e\000r\000i\000e\000s\000\040\000S\000i\000m\000i\000l\000a\000r\000i\000t\000y\000\040\000a\000n\000d\000\040\000C\000l\000u\000s\000t\000e\000r\000i\000n\000g}{}% 424
\BOOKMARK [1][-]{section.17.1}{\376\377\000I\000n\000t\000r\000o\000d\000u\000c\000t\000i\000o\000n}{chapter.17}% 425
\BOOKMARK [1][-]{section.17.2}{\376\377\000T\000i\000m\000e\000\040\000S\000e\000r\000i\000e\000s\000\040\000D\000i\000s\000t\000a\000n\000c\000e\000\040\000M\000e\000t\000r\000i\000c\000s}{chapter.17}% 426
\BOOKMARK [2][-]{subsection.17.2.1}{\376\377\000I\000n\000t\000r\000o\000d\000u\000c\000t\000i\000o\000n\000\040\000t\000o\000\040\000T\000i\000m\000e\000\040\000S\000e\000r\000i\000e\000s\000\040\000D\000i\000s\000t\000a\000n\000c\000e\000\040\000M\000e\000t\000r\000i\000c\000s}{section.17.2}% 427
\BOOKMARK [2][-]{subsection.17.2.2}{\376\377\000D\000y\000n\000a\000m\000i\000c\000\040\000T\000i\000m\000e\000\040\000W\000a\000r\000p\000i\000n\000g\000\040\000\050\000D\000T\000W\000\051}{section.17.2}% 428
\BOOKMARK [2][-]{subsection.17.2.3}{\376\377\000T\000i\000m\000e\000\040\000S\000e\000r\000i\000e\000s\000\040\000P\000r\000e\000p\000r\000o\000c\000e\000s\000s\000i\000n\000g}{section.17.2}% 429
\BOOKMARK [2][-]{subsection.17.2.4}{\376\377\000T\000i\000m\000e\000\040\000S\000e\000r\000i\000e\000s\000\040\000C\000l\000u\000s\000t\000e\000r\000i\000n\000g}{section.17.2}% 430
\BOOKMARK [2][-]{subsection.17.2.5}{\376\377\000T\000i\000m\000e\000\040\000S\000e\000r\000i\000e\000s\000\040\000C\000l\000a\000s\000s\000i\000f\000i\000c\000a\000t\000i\000o\000n}{section.17.2}% 431
\BOOKMARK [2][-]{subsection.17.2.6}{\376\377\000F\000e\000a\000t\000u\000r\000e\000\040\000E\000x\000t\000r\000a\000c\000t\000i\000o\000n\000:\000\040\000S\000y\000m\000b\000o\000l\000i\000c\000\040\000A\000g\000g\000r\000e\000g\000a\000t\000e\000\040\000A\000p\000p\000r\000o\000x\000i\000m\000a\000t\000i\000o\000n\000\040\000\050\000S\000A\000X\000\051}{section.17.2}% 432
\BOOKMARK [2][-]{subsection.17.2.7}{\376\377\000P\000r\000a\000c\000t\000i\000c\000a\000l\000\040\000A\000p\000p\000l\000i\000c\000a\000t\000i\000o\000n\000s}{section.17.2}% 433
\BOOKMARK [2][-]{subsection.17.2.8}{\376\377\000B\000e\000s\000t\000\040\000P\000r\000a\000c\000t\000i\000c\000e\000s}{section.17.2}% 434
\BOOKMARK [1][-]{section.17.3}{\376\377\000C\000o\000n\000c\000l\000u\000s\000i\000o\000n}{chapter.17}% 435
\BOOKMARK [0][-]{chapter.18}{\376\377\000U\000n\000c\000e\000r\000t\000a\000i\000n\000t\000y\000\040\000Q\000u\000a\000n\000t\000i\000f\000i\000c\000a\000t\000i\000o\000n\000\040\000i\000n\000\040\000F\000o\000r\000e\000c\000a\000s\000t\000i\000n\000g}{}% 436
\BOOKMARK [1][-]{section.18.1}{\376\377\000I\000n\000t\000r\000o\000d\000u\000c\000t\000i\000o\000n}{chapter.18}% 437
\BOOKMARK [1][-]{section.18.2}{\376\377\000F\000o\000r\000e\000c\000a\000s\000t\000\040\000I\000n\000t\000e\000r\000v\000a\000l\000s}{chapter.18}% 438
\BOOKMARK [2][-]{subsection.18.2.1}{\376\377\000T\000y\000p\000e\000s\000\040\000o\000f\000\040\000F\000o\000r\000e\000c\000a\000s\000t\000\040\000I\000n\000t\000e\000r\000v\000a\000l\000s}{section.18.2}% 439
\BOOKMARK [2][-]{subsection.18.2.2}{\376\377\000C\000o\000n\000f\000i\000d\000e\000n\000c\000e\000\040\000I\000n\000t\000e\000r\000v\000a\000l\000s\000\040\000f\000o\000r\000\040\000A\000R\000I\000M\000A\000\040\000M\000o\000d\000e\000l\000s}{section.18.2}% 440
\BOOKMARK [2][-]{subsection.18.2.3}{\376\377\000B\000o\000o\000t\000s\000t\000r\000a\000p\000\040\000M\000e\000t\000h\000o\000d\000s\000\040\000f\000o\000r\000\040\000U\000n\000c\000e\000r\000t\000a\000i\000n\000t\000y\000\040\000Q\000u\000a\000n\000t\000i\000f\000i\000c\000a\000t\000i\000o\000n}{section.18.2}% 441
\BOOKMARK [2][-]{subsection.18.2.4}{\376\377\000C\000o\000m\000p\000a\000r\000i\000n\000g\000\040\000M\000e\000t\000h\000o\000d\000s}{section.18.2}% 442
\BOOKMARK [2][-]{subsection.18.2.5}{\376\377\000E\000v\000a\000l\000u\000a\000t\000i\000n\000g\000\040\000F\000o\000r\000e\000c\000a\000s\000t\000\040\000I\000n\000t\000e\000r\000v\000a\000l\000s}{section.18.2}% 443
\BOOKMARK [2][-]{subsection.18.2.6}{\376\377\000B\000e\000s\000t\000\040\000P\000r\000a\000c\000t\000i\000c\000e\000s}{section.18.2}% 444
\BOOKMARK [2][-]{subsection.18.2.7}{\376\377\000R\000e\000a\000l\000-\000W\000o\000r\000l\000d\000\040\000A\000p\000p\000l\000i\000c\000a\000t\000i\000o\000n\000s}{section.18.2}% 445
\BOOKMARK [1][-]{section.18.3}{\376\377\000C\000o\000n\000c\000l\000u\000s\000i\000o\000n}{chapter.18}% 446
\BOOKMARK [0][-]{chapter.19}{\376\377\000A\000d\000v\000a\000n\000c\000e\000d\000\040\000F\000i\000n\000a\000n\000c\000i\000a\000l\000\040\000T\000i\000m\000e\000\040\000S\000e\000r\000i\000e\000s\000\040\000A\000n\000a\000l\000y\000s\000i\000s}{}% 447
\BOOKMARK [1][-]{section.19.1}{\376\377\000I\000n\000t\000r\000o\000d\000u\000c\000t\000i\000o\000n}{chapter.19}% 448
\BOOKMARK [1][-]{section.19.2}{\376\377\000C\000o\000i\000n\000t\000e\000g\000r\000a\000t\000i\000o\000n\000\040\000A\000n\000a\000l\000y\000s\000i\000s}{chapter.19}% 449
\BOOKMARK [2][-]{subsection.19.2.1}{\376\377\000U\000n\000d\000e\000r\000s\000t\000a\000n\000d\000i\000n\000g\000\040\000C\000o\000i\000n\000t\000e\000g\000r\000a\000t\000i\000o\000n}{section.19.2}% 450
\BOOKMARK [2][-]{subsection.19.2.2}{\376\377\000T\000e\000s\000t\000i\000n\000g\000\040\000f\000o\000r\000\040\000C\000o\000i\000n\000t\000e\000g\000r\000a\000t\000i\000o\000n}{section.19.2}% 451
\BOOKMARK [2][-]{subsection.19.2.3}{\376\377\000E\000r\000r\000o\000r\000\040\000C\000o\000r\000r\000e\000c\000t\000i\000o\000n\000\040\000M\000o\000d\000e\000l\000s}{section.19.2}% 452
\BOOKMARK [1][-]{section.19.3}{\376\377\000V\000e\000c\000t\000o\000r\000\040\000A\000u\000t\000o\000r\000e\000g\000r\000e\000s\000s\000i\000o\000n\000\040\000\050\000V\000A\000R\000\051}{chapter.19}% 453
\BOOKMARK [2][-]{subsection.19.3.1}{\376\377\000V\000A\000R\000\040\000M\000o\000d\000e\000l\000\040\000S\000p\000e\000c\000i\000f\000i\000c\000a\000t\000i\000o\000n}{section.19.3}% 454
\BOOKMARK [2][-]{subsection.19.3.2}{\376\377\000G\000r\000a\000n\000g\000e\000r\000\040\000C\000a\000u\000s\000a\000l\000i\000t\000y\000\040\000i\000n\000\040\000V\000A\000R}{section.19.3}% 455
\BOOKMARK [2][-]{subsection.19.3.3}{\376\377\000I\000m\000p\000u\000l\000s\000e\000\040\000R\000e\000s\000p\000o\000n\000s\000e\000\040\000F\000u\000n\000c\000t\000i\000o\000n\000s}{section.19.3}% 456
\BOOKMARK [2][-]{subsection.19.3.4}{\376\377\000F\000o\000r\000e\000c\000a\000s\000t\000\040\000E\000r\000r\000o\000r\000\040\000V\000a\000r\000i\000a\000n\000c\000e\000\040\000D\000e\000c\000o\000m\000p\000o\000s\000i\000t\000i\000o\000n}{section.19.3}% 457
\BOOKMARK [1][-]{section.19.4}{\376\377\000C\000o\000p\000u\000l\000a\000\040\000M\000o\000d\000e\000l\000i\000n\000g}{chapter.19}% 458
\BOOKMARK [2][-]{subsection.19.4.1}{\376\377\000U\000n\000d\000e\000r\000s\000t\000a\000n\000d\000i\000n\000g\000\040\000C\000o\000p\000u\000l\000a\000s}{section.19.4}% 459
\BOOKMARK [2][-]{subsection.19.4.2}{\376\377\000T\000y\000p\000e\000s\000\040\000o\000f\000\040\000C\000o\000p\000u\000l\000a\000s}{section.19.4}% 460
\BOOKMARK [2][-]{subsection.19.4.3}{\376\377\000A\000p\000p\000l\000i\000c\000a\000t\000i\000o\000n\000s\000\040\000o\000f\000\040\000C\000o\000p\000u\000l\000a\000s}{section.19.4}% 461
\BOOKMARK [2][-]{subsection.19.4.4}{\376\377\000W\000o\000r\000k\000i\000n\000g\000\040\000w\000i\000t\000h\000\040\000F\000R\000E\000D\000\040\000E\000c\000o\000n\000o\000m\000i\000c\000\040\000D\000a\000t\000a}{section.19.4}% 462
\BOOKMARK [1][-]{section.19.5}{\376\377\000B\000e\000s\000t\000\040\000P\000r\000a\000c\000t\000i\000c\000e\000s\000\040\000a\000n\000d\000\040\000C\000o\000m\000m\000o\000n\000\040\000P\000i\000t\000f\000a\000l\000l\000s}{chapter.19}% 463
\BOOKMARK [2][-]{subsection.19.5.1}{\376\377\000D\000a\000t\000a\000\040\000P\000r\000e\000p\000r\000o\000c\000e\000s\000s\000i\000n\000g}{section.19.5}% 464
\BOOKMARK [2][-]{subsection.19.5.2}{\376\377\000M\000o\000d\000e\000l\000\040\000S\000e\000l\000e\000c\000t\000i\000o\000n}{section.19.5}% 465
\BOOKMARK [2][-]{subsection.19.5.3}{\376\377\000I\000n\000t\000e\000r\000p\000r\000e\000t\000a\000t\000i\000o\000n}{section.19.5}% 466
\BOOKMARK [2][-]{subsection.19.5.4}{\376\377\000C\000o\000m\000m\000o\000n\000\040\000P\000i\000t\000f\000a\000l\000l\000s}{section.19.5}% 467
\BOOKMARK [1][-]{section.19.6}{\376\377\000C\000o\000n\000c\000l\000u\000s\000i\000o\000n}{chapter.19}% 468
